Component: ARM Compiler 5.06 update 7 (build 960) Tool: armlink [4d3601]

==============================================================================

Section Cross References

    main.o(i.main) refers to _printf_percent.o(.ARM.Collect$$_printf_percent$$00000000) for _printf_percent
    main.o(i.main) refers to _printf_d.o(.ARM.Collect$$_printf_percent$$00000009) for _printf_d
    main.o(i.main) refers to _printf_dec.o(.text) for _printf_int_dec
    main.o(i.main) refers to ota_info.o(i.ota_info_init) for ota_info_init
    main.o(i.main) refers to noretval__2printf.o(.text) for __2printf
    main.o(i.main) refers to ota_recovery.o(i.ota_recovery) for ota_recovery
    main.o(i.main) refers to ota_info.o(i.ota_info_get) for ota_info_get
    main.o(i.main) refers to main.o(i.mbed_start_application) for mbed_start_application
    main.o(i.mbed_start_application) refers to main.o(i.powerdown_nvic) for powerdown_nvic
    main.o(i.mbed_start_application) refers to main.o(i.powerdown_scb) for powerdown_scb
    main.o(i.mbed_start_application) refers to main.o(.emb_text) for __asm___6_main_c_4c27bb74__start_new_application
    7zalloc.o(i.SzAlloc) refers to mem_std.o(i.malloc) for malloc
    7zalloc.o(i.SzAllocTemp) refers to mem_std.o(i.malloc) for malloc
    7zalloc.o(i.SzFree) refers to mem_std.o(i.free) for free
    7zalloc.o(i.SzFreeTemp) refers to mem_std.o(i.free) for free
    7zarcin.o(i.ReadBitUi32s) refers to 7zarcin.o(i.SzBitUi32s_Free) for SzBitUi32s_Free
    7zarcin.o(i.ReadBitUi32s) refers to 7zarcin.o(i.ReadBitVector) for ReadBitVector
    7zarcin.o(i.ReadBitUi32s) refers to 7zarcin.o(i.ReadUi32s) for ReadUi32s
    7zarcin.o(i.ReadBitVector) refers to rt_memcpy_v6.o(.text) for __aeabi_memcpy
    7zarcin.o(i.ReadBitVector) refers to aeabi_memset.o(.text) for __aeabi_memset
    7zarcin.o(i.ReadNumber) refers to llshl.o(.text) for __aeabi_llsl
    7zarcin.o(i.ReadPackInfo) refers to 7zarcin.o(i.SzReadNumber32) for SzReadNumber32
    7zarcin.o(i.ReadPackInfo) refers to 7zarcin.o(i.WaitId) for WaitId
    7zarcin.o(i.ReadPackInfo) refers to 7zarcin.o(i.ReadNumber) for ReadNumber
    7zarcin.o(i.ReadPackInfo) refers to 7zarcin.o(i.SkipBitUi32s) for SkipBitUi32s
    7zarcin.o(i.ReadPackInfo) refers to 7zarcin.o(i.SkipData) for SkipData
    7zarcin.o(i.ReadSubStreamsInfo) refers to 7zarcin.o(i.ReadNumber) for ReadNumber
    7zarcin.o(i.ReadSubStreamsInfo) refers to 7zarcin.o(i.SzReadNumber32) for SzReadNumber32
    7zarcin.o(i.ReadSubStreamsInfo) refers to 7zarcin.o(i.SkipData) for SkipData
    7zarcin.o(i.ReadSubStreamsInfo) refers to 7zarcin.o(i.CountDefinedBits) for CountDefinedBits
    7zarcin.o(i.ReadSubStreamsInfo) refers to 7zarcin.o(i.SkipNumbers) for SkipNumbers
    7zarcin.o(i.ReadSubStreamsInfo) refers to 7zarcin.o(i.SkipBitUi32s) for SkipBitUi32s
    7zarcin.o(i.ReadTime) refers to 7zarcin.o(i.ReadBitVector) for ReadBitVector
    7zarcin.o(i.ReadTime) refers to 7zarcin.o(i.SzReadNumber32) for SzReadNumber32
    7zarcin.o(i.ReadUnpackInfo) refers to 7zarcin.o(i.WaitId) for WaitId
    7zarcin.o(i.ReadUnpackInfo) refers to 7zarcin.o(i.SzReadNumber32) for SzReadNumber32
    7zarcin.o(i.ReadUnpackInfo) refers to rt_memcpy_v6.o(.text) for __aeabi_memcpy
    7zarcin.o(i.ReadUnpackInfo) refers to 7zarcin.o(i.ReadNumber) for ReadNumber
    7zarcin.o(i.ReadUnpackInfo) refers to 7zarcin.o(i.ReadBitUi32s) for ReadBitUi32s
    7zarcin.o(i.ReadUnpackInfo) refers to 7zarcin.o(i.SkipData) for SkipData
    7zarcin.o(i.SkipBitUi32s) refers to 7zarcin.o(i.CountDefinedBits) for CountDefinedBits
    7zarcin.o(i.SkipData) refers to 7zarcin.o(i.ReadNumber) for ReadNumber
    7zarcin.o(i.SzArEx_Extract) refers to 7zarcin.o(i.SzAr_GetFolderUnpackSize) for SzAr_GetFolderUnpackSize
    7zarcin.o(i.SzArEx_Extract) refers to 7zdec.o(i.SzAr_DecodeFolder) for SzAr_DecodeFolder
    7zarcin.o(i.SzArEx_Extract) refers to 7zcrc.o(i.CrcCalc) for CrcCalc
    7zarcin.o(i.SzArEx_Free) refers to 7zarcin.o(i.SzBitUi32s_Free) for SzBitUi32s_Free
    7zarcin.o(i.SzArEx_Free) refers to 7zarcin.o(i.SzBitUi64s_Free) for SzBitUi64s_Free
    7zarcin.o(i.SzArEx_Free) refers to 7zarcin.o(i.SzAr_Free) for SzAr_Free
    7zarcin.o(i.SzArEx_Free) refers to 7zarcin.o(i.SzArEx_Init) for SzArEx_Init
    7zarcin.o(i.SzArEx_Init) refers to 7zarcin.o(i.SzAr_Init) for SzAr_Init
    7zarcin.o(i.SzArEx_Open) refers to 7zarcin.o(i.SzArEx_Open2) for SzArEx_Open2
    7zarcin.o(i.SzArEx_Open) refers to 7zarcin.o(i.SzArEx_Free) for SzArEx_Free
    7zarcin.o(i.SzArEx_Open2) refers to 7zstream.o(i.LookInStream_Read2) for LookInStream_Read2
    7zarcin.o(i.SzArEx_Open2) refers to 7zarcin.o(i.TestSignatureCandidate) for TestSignatureCandidate
    7zarcin.o(i.SzArEx_Open2) refers to 7zcrc.o(i.CrcCalc) for CrcCalc
    7zarcin.o(i.SzArEx_Open2) refers to 7zstream.o(i.LookInStream_SeekTo) for LookInStream_SeekTo
    7zarcin.o(i.SzArEx_Open2) refers to 7zbuf.o(i.Buf_Create) for Buf_Create
[...]
    0x08000262   0x08000262   0x00000000   Code   RO        10761    .ARM.Collect$$libinit$$00000030  c_w.l(libinit2.o)
    0x08000262   0x08000262   0x00000000   Code   RO        10763    .ARM.Collect$$libinit$$00000032  c_w.l(libinit2.o)
    0x08000262   0x08000262   0x00000002   Code   RO        10764    .ARM.Collect$$libinit$$00000033  c_w.l(libinit2.o)
    0x08000264   0x08000264   0x00000002   Code   RO        10830    .ARM.Collect$$libshutdown$$00000000  c_w.l(libshutdown.o)
    0x08000266   0x08000266   0x00000000   Code   RO        10766    .ARM.Collect$$libshutdown$$00000002  c_w.l(libshutdown2.o)
    0x08000266   0x08000266   0x00000000   Code   RO        10768    .ARM.Collect$$libshutdown$$00000004  c_w.l(libshutdown2.o)
    0x08000266   0x08000266   0x00000004   Code   RO        10769    .ARM.Collect$$libshutdown$$00000005  c_w.l(libshutdown2.o)
    0x0800026a   0x0800026a   0x00000000   Code   RO        10770    .ARM.Collect$$libshutdown$$00000006  c_w.l(libshutdown2.o)
    0x0800026a   0x0800026a   0x00000000   Code   RO        10773    .ARM.Collect$$libshutdown$$00000009  c_w.l(libshutdown2.o)
    0x0800026a   0x0800026a   0x00000000   Code   RO        10776    .ARM.Collect$$libshutdown$$0000000C  c_w.l(libshutdown2.o)
    0x0800026a   0x0800026a   0x00000000   Code   RO        10778    .ARM.Collect$$libshutdown$$0000000E  c_w.l(libshutdown2.o)
    0x0800026a   0x0800026a   0x00000000   Code   RO        10781    .ARM.Collect$$libshutdown$$00000011  c_w.l(libshutdown2.o)
    0x0800026a   0x0800026a   0x00000002   Code   RO        10782    .ARM.Collect$$libshutdown$$00000012  c_w.l(libshutdown2.o)
    0x0800026c   0x0800026c   0x00000000   Code   RO        10596    .ARM.Collect$$rtentry$$00000000  c_w.l(__rtentry.o)
    0x0800026c   0x0800026c   0x00000000   Code   RO        10632    .ARM.Collect$$rtentry$$00000002  c_w.l(__rtentry2.o)
    0x0800026c   0x0800026c   0x00000006   Code   RO        10644    .ARM.Collect$$rtentry$$00000004  c_w.l(__rtentry4.o)
    0x08000272   0x08000272   0x00000000   Code   RO        10634    .ARM.Collect$$rtentry$$00000009  c_w.l(__rtentry2.o)
    0x08000272   0x08000272   0x00000004   Code   RO        10635    .ARM.Collect$$rtentry$$0000000A  c_w.l(__rtentry2.o)
    0x08000276   0x08000276   0x00000000   Code   RO        10637    .ARM.Collect$$rtentry$$0000000C  c_w.l(__rtentry2.o)
    0x08000276   0x08000276   0x00000008   Code   RO        10638    .ARM.Collect$$rtentry$$0000000D  c_w.l(__rtentry2.o)
    0x0800027e   0x0800027e   0x00000002   Code   RO        10783    .ARM.Collect$$rtexit$$00000000  c_w.l(rtexit.o)
    0x08000280   0x08000280   0x00000000   Code   RO        10806    .ARM.Collect$$rtexit$$00000002  c_w.l(rtexit2.o)
    0x08000280   0x08000280   0x00000004   Code   RO        10807    .ARM.Collect$$rtexit$$00000003  c_w.l(rtexit2.o)
    0x08000284   0x08000284   0x00000006   Code   RO        10808    .ARM.Collect$$rtexit$$00000004  c_w.l(rtexit2.o)
    0x0800028a   0x0800028a   0x00000002   PAD
    0x0800028c   0x0800028c   0x0000000e   Code   RO            4    .emb_text           main.o
    0x0800029a   0x0800029a   0x00000002   PAD
    0x0800029c   0x0800029c   0x00000010   Code   RO         3431    .emb_text           cpuport.o
    0x080002ac   0x080002ac   0x00000140   Code   RO         3495    .text               context_rvds.o
    0x080003ec   0x080003ec   0x00000040   Code   RO         4701    .text               startup_stm32l475xx.o
    0x0800042c   0x0800042c   0x00000002   Code   RO        10492    .text               c_w.l(use_no_semi.o)
    0x0800042e   0x0800042e   0x00000002   PAD
    0x08000430   0x08000430   0x00000008   Code   RO        10497    .text               c_w.l(rt_errno_addr_intlibspace.o)
    0x08000438   0x08000438   0x00000004   Code   RO        10499    .text               c_w.l(hguard.o)
    0x0800043c   0x0800043c   0x000000ee   Code   RO        10501    .text               c_w.l(lludivv7m.o)
    0x0800052a   0x0800052a   0x00000026   Code   RO        10503    .text               c_w.l(llshl.o)
    0x08000550   0x08000550   0x00000018   Code   RO        10507    .text               c_w.l(noretval__2printf.o)
    0x08000568   0x08000568   0x00000068   Code   RO        10509    .text               c_w.l(__printf.o)
    0x080005d0   0x080005d0   0x00000078   Code   RO        10511    .text               c_w.l(_printf_dec.o)
    0x08000648   0x08000648   0x0000001a   Code   RO        10535    .text               c_w.l(atoi.o)
    0x08000662   0x08000662   0x00000008   Code   RO        10537    .text               c_w.l(ferror.o)
    0x0800066a   0x0800066a   0x00000002   PAD
    0x0800066c   0x0800066c   0x000000f8   Code   RO        10541    .text               c_w.l(fseek.o)
    0x08000764   0x08000764   0x00000042   Code   RO        10543    .text               c_w.l(ftell.o)
    0x080007a6   0x080007a6   0x00000002   PAD
    0x080007a8   0x080007a8   0x000000ec   Code   RO        10547    .text               c_w.l(fopen.o)
    0x08000894   0x08000894   0x0000004c   Code   RO        10549    .text               c_w.l(fclose.o)
    0x080008e0   0x080008e0   0x00000048   Code   RO        10563    .text               c_w.l(strcpy.o)
    0x08000928   0x08000928   0x0000003e   Code   RO        10565    .text               c_w.l(strlen.o)
    0x08000966   0x08000966   0x00000096   Code   RO        10567    .text               c_w.l(strncmp.o)
    0x080009fc   0x080009fc   0x00000018   Code   RO        10569    .text               c_w.l(strcat.o)
    0x08000a14   0x08000a14   0x0000008a   Code   RO        10571    .text               c_w.l(rt_memcpy_v6.o)
    0x08000a9e   0x08000a9e   0x00000064   Code   RO        10575    .text               c_w.l(rt_memcpy_w.o)
    0x08000b02   0x08000b02   0x00000010   Code   RO        10577    .text               c_w.l(aeabi_memset.o)
    0x08000b12   0x08000b12   0x00000044   Code   RO        10579    .text               c_w.l(rt_memclr.o)
    0x08000b56   0x08000b56   0x0000004e   Code   RO        10581    .text               c_w.l(rt_memclr_w.o)
    0x08000ba4   0x08000ba4   0x00000056   Code   RO        10583    .text               c_w.l(strncpy.o)
    0x08000bfa   0x08000bfa   0x00000002   PAD
    0x08000bfc   0x08000bfc   0x00000080   Code   RO        10585    .text               c_w.l(strcmpv7m.o)
    0x08000c7c   0x08000c7c   0x00000006   Code   RO        10587    .text               c_w.l(heapauxi.o)
    0x08000c82   0x08000c82   0x00000002   PAD
    0x08000c84   0x08000c84   0x00000008   Code   RO        10591    .text               c_w.l(libspace.o)
    0x08000c8c   0x08000c8c   0x000000b2   Code   RO        10601    .text               c_w.l(_printf_intcommon.o)
    0x08000d3e   0x08000d3e   0x00000002   PAD
    0x08000d40   0x08000d40   0x00000024   Code   RO        10603    .text               c_w.l(_printf_char_file.o)
    0x08000d64   0x08000d64   0x00000070   Code   RO        10606    .text               c_w.l(strtol.o)
    0x08000dd4   0x08000dd4   0x000000f0   Code   RO        10616    .text               c_w.l(stdio.o)
    0x08000ec4   0x08000ec4   0x00000010   Code   RO        10646    .text               c_w.l(rt_ctype_table.o)
    0x08000ed4   0x08000ed4   0x00000030   Code   RO        10650    .text               c_w.l(_printf_char_common.o)
    0x08000f04   0x08000f04   0x000000a4   Code   RO        10652    .text               c_w.l(_strtoul.o)
    0x08000fa8   0x08000fa8   0x000001d6   Code   RO        10656    .text               c_w.l(flsbuf.o)
    0x0800117e   0x0800117e   0x00000002   PAD
    0x08001180   0x08001180   0x00000138   Code   RO        10658    .text               c_w.l(initio.o)
    0x080012b8   0x080012b8   0x0000004a   Code   RO        10666    .text               c_w.l(sys_stackheap_outer.o)
    0x08001302   0x08001302   0x00000002   PAD
    0x08001304   0x08001304   0x00000008   Code   RO        10671    .text               c_w.l(rt_locale_intlibspace.o)
    0x0800130c   0x0800130c   0x0000001c   Code   RO        10677    .text               c_w.l(_chval.o)
    0x08001328   0x08001328   0x00000046   Code   RO        10679    .text               c_w.l(setvbuf.o)
    0x0800136e   0x0800136e   0x00000012   Code   RO        10702    .text               c_w.l(exit.o)
    0x08001380   0x08001380   0x0000000e   Code   RO        10708    .text               c_w.l(defsig_rtred_outer.o)
    0x0800138e   0x0800138e   0x0000000a   Code   RO        10795    .text               c_w.l(defsig_exit.o)
    0x08001398   0x08001398   0x00000034   Code   RO        10799    .text               c_w.l(defsig_rtred_inner.o)
    0x080013cc   0x080013cc   0x00000032   Code   RO        10814    .text               c_w.l(defsig_general.o)
    0x080013fe   0x080013fe   0x0000000a   Code   RO         6869    i.$Sub$$main        components.o
    0x08001408   0x08001408   0x00000030   Code   RO         8624    i.DMA_SetConfig     stm32l4xx_hal_dma.o
    0x08001438   0x08001438   0x0000006c   Code   RO        10364    i.FLASH_FlushCaches  stm32l4xx_hal_flash_ex.o
    0x080014a4   0x080014a4   0x00000038   Code   RO        10365    i.FLASH_MassErase   stm32l4xx_hal_flash_ex.o
    0x080014dc   0x080014dc   0x00000048   Code   RO        10374    i.FLASH_PageErase   stm32l4xx_hal_flash_ex.o
    0x08001524   0x08001524   0x00000028   Code   RO        10255    i.FLASH_Program_DoubleWord  stm32l4xx_hal_flash.o
    0x0800154c   0x0800154c   0x00000040   Code   RO        10256    i.FLASH_Program_Fast  stm32l4xx_hal_flash.o
    0x0800158c   0x0800158c   0x00000098   Code   RO        10257    i.FLASH_WaitForLastOperation  stm32l4xx_hal_flash.o
    0x08001624   0x08001624   0x0000005a   Code   RO         8625    i.HAL_DMA_Abort     stm32l4xx_hal_dma.o
    0x0800167e   0x0800167e   0x0000009c   Code   RO         8635    i.HAL_DMA_Start_IT  stm32l4xx_hal_dma.o
    0x0800171a   0x0800171a   0x00000002   PAD
    0x0800171c   0x0800171c   0x00000110   Code   RO        10375    i.HAL_FLASHEx_Erase  stm32l4xx_hal_flash_ex.o
    0x0800182c   0x0800182c   0x00000014   Code   RO        10261    i.HAL_FLASH_Lock    stm32l4xx_hal_flash.o
    0x08001840   0x08001840   0x000000c0   Code   RO        10266    i.HAL_FLASH_Program  stm32l4xx_hal_flash.o
    0x08001900   0x08001900   0x00000030   Code   RO        10268    i.HAL_FLASH_Unlock  stm32l4xx_hal_flash.o
    0x08001930   0x08001930   0x00000144   Code   RO         9429    i.HAL_GPIO_DeInit   stm32l4xx_hal_gpio.o
    0x08001a74   0x08001a74   0x00000204   Code   RO         9432    i.HAL_GPIO_Init     stm32l4xx_hal_gpio.o
    0x08001c78   0x08001c78   0x00000014   Code   RO         4949    i.HAL_GetTick       drv_common.o
    0x08001c8c   0x08001c8c   0x00000018   Code   RO         8177    i.HAL_IncTick       stm32l4xx_hal.o
    0x08001ca4   0x08001ca4   0x0000001e   Code   RO         8178    i.HAL_Init          stm32l4xx_hal.o
    0x08001cc2   0x08001cc2   0x00000006   Code   RO         4950    i.HAL_InitTick      drv_common.o
    0x08001cc8   0x08001cc8   0x00000040   Code   RO         4593    i.HAL_MspInit       stm32l4xx_hal_msp.o
    0x08001d08   0x08001d08   0x00000044   Code   RO         8416    i.HAL_NVIC_DisableIRQ  stm32l4xx_hal_cortex.o
    0x08001d4c   0x08001d4c   0x00000020   Code   RO         8417    i.HAL_NVIC_EnableIRQ  stm32l4xx_hal_cortex.o
    0x08001d6c   0x08001d6c   0x00000082   Code   RO         8423    i.HAL_NVIC_SetPriority  stm32l4xx_hal_cortex.o
    0x08001dee   0x08001dee   0x00000002   PAD
    0x08001df0   0x08001df0   0x00000028   Code   RO         8424    i.HAL_NVIC_SetPriorityGrouping  stm32l4xx_hal_cortex.o
    0x08001e18   0x08001e18   0x0000008c   Code   RO         8924    i.HAL_PWREx_ControlVoltageScaling  stm32l4xx_hal_pwr_ex.o
    0x08001ea4   0x08001ea4   0x00000010   Code   RO         8955    i.HAL_PWREx_GetVoltageRange  stm32l4xx_hal_pwr_ex.o
    0x08001eb4   0x08001eb4   0x00000014   Code   RO         8816    i.HAL_PWR_EnableBkUpAccess  stm32l4xx_hal_pwr.o
    0x08001ec8   0x08001ec8   0x0000009a   Code   RO         9999    i.HAL_QSPI_Abort    stm32l4xx_hal_qspi.o
    0x08001f62   0x08001f62   0x000000a4   Code   RO        10005    i.HAL_QSPI_Command  stm32l4xx_hal_qspi.o
    0x08002006   0x08002006   0x00000002   PAD
    0x08002008   0x08002008   0x000000c8   Code   RO        10014    i.HAL_QSPI_Init     stm32l4xx_hal_qspi.o
    0x080020d0   0x080020d0   0x0000007c   Code   RO         4595    i.HAL_QSPI_MspInit  stm32l4xx_hal_msp.o
    0x0800214c   0x0800214c   0x000000f2   Code   RO        10018    i.HAL_QSPI_Receive  stm32l4xx_hal_qspi.o
    0x0800223e   0x0800223e   0x00000004   Code   RO        10024    i.HAL_QSPI_SetTimeout  stm32l4xx_hal_qspi.o
    0x08002242   0x08002242   0x000000dc   Code   RO        10027    i.HAL_QSPI_Transmit  stm32l4xx_hal_qspi.o
    0x0800231e   0x0800231e   0x00000002   PAD
    0x08002320   0x08002320   0x000004d4   Code   RO         9285    i.HAL_RCCEx_PeriphCLKConfig  stm32l4xx_hal_rcc_ex.o
    0x080027f4   0x080027f4   0x0000017c   Code   RO         9170    i.HAL_RCC_ClockConfig  stm32l4xx_hal_rcc.o
    0x08002970   0x08002970   0x0000000c   Code   RO         9174    i.HAL_RCC_GetHCLKFreq  stm32l4xx_hal_rcc.o
    0x0800297c   0x0800297c   0x00000024   Code   RO         9176    i.HAL_RCC_GetPCLK1Freq  stm32l4xx_hal_rcc.o
    0x080029a0   0x080029a0   0x00000024   Code   RO         9177    i.HAL_RCC_GetPCLK2Freq  stm32l4xx_hal_rcc.o
    0x080029c4   0x080029c4   0x000000ec   Code   RO         9178    i.HAL_RCC_GetSysClockFreq  stm32l4xx_hal_rcc.o
    0x08002ab0   0x08002ab0   0x0000068c   Code   RO         9181    i.HAL_RCC_OscConfig  stm32l4xx_hal_rcc.o
    0x0800313c   0x0800313c   0x00000028   Code   RO         8426    i.HAL_SYSTICK_CLKSourceConfig  stm32l4xx_hal_cortex.o
    0x08003164   0x08003164   0x00000034   Code   RO         8428    i.HAL_SYSTICK_Config  stm32l4xx_hal_cortex.o
    0x08003198   0x08003198   0x00000042   Code   RO         9516    i.HAL_UART_DeInit   stm32l4xx_hal_uart.o
    0x080031da   0x080031da   0x00000002   Code   RO         9517    i.HAL_UART_ErrorCallback  stm32l4xx_hal_uart.o
    0x080031dc   0x080031dc   0x00000074   Code   RO         9521    i.HAL_UART_Init     stm32l4xx_hal_uart.o
    0x08003250   0x08003250   0x00000034   Code   RO         4596    i.HAL_UART_MspDeInit  stm32l4xx_hal_msp.o
    0x08003284   0x08003284   0x00000088   Code   RO         4597    i.HAL_UART_MspInit  stm32l4xx_hal_msp.o
    0x0800330c   0x0800330c   0x000000b4   Code   RO         9530    i.HAL_UART_Transmit_DMA  stm32l4xx_hal_uart.o
    0x080033c0   0x080033c0   0x00000002   Code   RO         9532    i.HAL_UART_TxCpltCallback  stm32l4xx_hal_uart.o
    0x080033c2   0x080033c2   0x00000002   Code   RO         9533    i.HAL_UART_TxHalfCpltCallback  stm32l4xx_hal_uart.o
    0x080033c4   0x080033c4   0x0000003e   Code   RO         1706    i.LzmaDec_AllocateProbs  lzmadec.o
    0x08003402   0x08003402   0x0000004e   Code   RO         1707    i.LzmaDec_AllocateProbs2  lzmadec.o
    0x08003450   0x08003450   0x00000080   Code   RO         1708    i.LzmaDec_DecodeReal2  lzmadec.o
    0x080034d0   0x080034d0   0x0000101a   Code   RO         1709    i.LzmaDec_DecodeReal_3  lzmadec.o
    0x080044ea   0x080044ea   0x0000027e   Code   RO         1711    i.LzmaDec_DecodeToDic  lzmadec.o
    0x08004768   0x08004768   0x00000014   Code   RO         1714    i.LzmaDec_FreeProbs  lzmadec.o
    0x0800477c   0x0800477c   0x00000014   Code   RO         1715    i.LzmaDec_Init      lzmadec.o
    0x08004790   0x08004790   0x00000020   Code   RO         1716    i.LzmaDec_InitDicAndState  lzmadec.o
    0x080047b0   0x080047b0   0x00000534   Code   RO         1717    i.LzmaDec_TryDummy  lzmadec.o
    0x08004ce4   0x08004ce4   0x0000008a   Code   RO         1718    i.LzmaDec_WriteRem  lzmadec.o
    0x08004d6e   0x08004d6e   0x00000090   Code   RO         1719    i.LzmaDecode        lzmadec.o
    0x08004dfe   0x08004dfe   0x00000064   Code   RO         1720    i.LzmaProps_Decode  lzmadec.o
    0x08004e62   0x08004e62   0x00000002   PAD
    0x08004e64   0x08004e64   0x00000030   Code   RO         5752    i.OP_add_byte       finsh_ops.o
    0x08004e94   0x08004e94   0x00000030   Code   RO         5753    i.OP_add_dword      finsh_ops.o
    0x08004ec4   0x08004ec4   0x00000030   Code   RO         5754    i.OP_add_word       finsh_ops.o
    0x08004ef4   0x08004ef4   0x00000030   Code   RO         5755    i.OP_and_byte       finsh_ops.o
    0x08004f24   0x08004f24   0x00000030   Code   RO         5756    i.OP_and_dword      finsh_ops.o
    0x08004f54   0x08004f54   0x00000030   Code   RO         5757    i.OP_and_word       finsh_ops.o
    0x08004f84   0x08004f84   0x00000018   Code   RO         5758    i.OP_bw_byte        finsh_ops.o
    0x08004f9c   0x08004f9c   0x00000018   Code   RO         5759    i.OP_bw_dword       finsh_ops.o
    0x08004fb4   0x08004fb4   0x00000018   Code   RO         5760    i.OP_bw_word        finsh_ops.o
    0x08004fcc   0x08004fcc   0x0000038c   Code   RO         5761    i.OP_call           finsh_ops.o
    0x08005358   0x08005358   0x00000030   Code   RO         5762    i.OP_div_byte       finsh_ops.o
    0x08005388   0x08005388   0x00000030   Code   RO         5763    i.OP_div_dword      finsh_ops.o
    0x080053b8   0x080053b8   0x00000034   Code   RO         5764    i.OP_div_word       finsh_ops.o
    0x080053ec   0x080053ec   0x0000002c   Code   RO         5765    i.OP_ld_byte        finsh_ops.o
    0x08005418   0x08005418   0x00000048   Code   RO         5766    i.OP_ld_dword       finsh_ops.o
    0x08005460   0x08005460   0x0000004c   Code   RO         5767    i.OP_ld_value_byte  finsh_ops.o
    0x080054ac   0x080054ac   0x00000018   Code   RO         5768    i.OP_ld_value_byte_stack  finsh_ops.o
    0x080054c4   0x080054c4   0x0000004c   Code   RO         5769    i.OP_ld_value_dword  finsh_ops.o
    0x08005510   0x08005510   0x00000018   Code   RO         5770    i.OP_ld_value_dword_stack  finsh_ops.o
    0x08005528   0x08005528   0x0000004c   Code   RO         5771    i.OP_ld_value_word  finsh_ops.o
    0x08005574   0x08005574   0x00000018   Code   RO         5772    i.OP_ld_value_word_stack  finsh_ops.o
    0x0800558c   0x0800558c   0x00000038   Code   RO         5773    i.OP_ld_word        finsh_ops.o
    0x080055c4   0x080055c4   0x00000034   Code   RO         5774    i.OP_mod_byte       finsh_ops.o
    0x080055f8   0x080055f8   0x00000034   Code   RO         5775    i.OP_mod_dword      finsh_ops.o
    0x0800562c   0x0800562c   0x00000034   Code   RO         5776    i.OP_mod_word       finsh_ops.o
    0x08005660   0x08005660   0x00000030   Code   RO         5777    i.OP_mul_byte       finsh_ops.o
    0x08005690   0x08005690   0x00000030   Code   RO         5778    i.OP_mul_dword      finsh_ops.o
    0x080056c0   0x080056c0   0x00000034   Code   RO         5779    i.OP_mul_word       finsh_ops.o
    0x080056f4   0x080056f4   0x00000002   Code   RO         5780    i.OP_no_op          finsh_ops.o
    0x080056f6   0x080056f6   0x00000002   PAD
    0x080056f8   0x080056f8   0x00000030   Code   RO         5781    i.OP_or_byte        finsh_ops.o
    0x08005728   0x08005728   0x00000030   Code   RO         5782    i.OP_or_dword       finsh_ops.o
    0x08005758   0x08005758   0x00000030   Code   RO         5783    i.OP_or_word        finsh_ops.o
    0x08005788   0x08005788   0x00000010   Code   RO         5784    i.OP_pop            finsh_ops.o
    0x08005798   0x08005798   0x00000030   Code   RO         5785    i.OP_shl_byte       finsh_ops.o
    0x080057c8   0x080057c8   0x00000030   Code   RO         5786    i.OP_shl_dword      finsh_ops.o
    0x080057f8   0x080057f8   0x00000030   Code   RO         5787    i.OP_shl_word       finsh_ops.o
    0x08005828   0x08005828   0x00000030   Code   RO         5788    i.OP_shr_byte       finsh_ops.o
    0x08005858   0x08005858   0x00000030   Code   RO         5789    i.OP_shr_dword      finsh_ops.o
    0x08005888   0x08005888   0x00000030   Code   RO         5790    i.OP_shr_word       finsh_ops.o
    0x080058b8   0x080058b8   0x00000024   Code   RO         5791    i.OP_st_byte        finsh_ops.o
    0x080058dc   0x080058dc   0x00000024   Code   RO         5792    i.OP_st_dword       finsh_ops.o
    0x08005900   0x08005900   0x00000024   Code   RO         5793    i.OP_st_word        finsh_ops.o
    0x08005924   0x08005924   0x00000030   Code   RO         5794    i.OP_sub_byte       finsh_ops.o
    0x08005954   0x08005954   0x00000030   Code   RO         5795    i.OP_sub_dword      finsh_ops.o
    0x08005984   0x08005984   0x00000030   Code   RO         5796    i.OP_sub_word       finsh_ops.o
    0x080059b4   0x080059b4   0x00000030   Code   RO         5797    i.OP_xor_byte       finsh_ops.o
    0x080059e4   0x080059e4   0x00000030   Code   RO         5798    i.OP_xor_dword      finsh_ops.o
    0x08005a14   0x08005a14   0x00000030   Code   RO         5799    i.OP_xor_word       finsh_ops.o
    0x08005a44   0x08005a44   0x000001e8   Code   RO        10032    i.QSPI_Config       stm32l4xx_hal_qspi.o
    0x08005c2c   0x08005c2c   0x0000004c   Code   RO        10039    i.QSPI_WaitFlagStateUntilTimeout  stm32l4xx_hal_qspi.o
    0x08005c78   0x08005c78   0x0000018c   Code   RO         9289    i.RCCEx_PLLSAI1_Config  stm32l4xx_hal_rcc_ex.o
    0x08005e04   0x08005e04   0x00000164   Code   RO         9290    i.RCCEx_PLLSAI2_Config  stm32l4xx_hal_rcc_ex.o
    0x08005f68   0x08005f68   0x0000009c   Code   RO         9182    i.RCC_SetFlashLatencyFromMSIRange  stm32l4xx_hal_rcc.o
    0x08006004   0x08006004   0x00000014   Code   RO         4953    i.SysTick_Handler   drv_common.o
    0x08006018   0x08006018   0x00000100   Code   RO         4563    i.SystemClock_Config  board.o
    0x08006118   0x08006118   0x00000050   Code   RO         8124    i.SystemInit        system_stm32l4xx.o
    0x08006168   0x08006168   0x000000f8   Code   RO         9534    i.UART_AdvFeatureConfig  stm32l4xx_hal_uart.o
    0x08006260   0x08006260   0x0000006e   Code   RO         9535    i.UART_CheckIdleState  stm32l4xx_hal_uart.o
    0x080062ce   0x080062ce   0x00000056   Code   RO         9537    i.UART_DMAError     stm32l4xx_hal_uart.o
    0x08006324   0x08006324   0x00000038   Code   RO         9542    i.UART_DMATransmitCplt  stm32l4xx_hal_uart.o
    0x0800635c   0x0800635c   0x0000000e   Code   RO         9544    i.UART_DMATxHalfCplt  stm32l4xx_hal_uart.o
    0x0800636a   0x0800636a   0x00000022   Code   RO         9546    i.UART_EndRxTransfer  stm32l4xx_hal_uart.o
    0x0800638c   0x0800638c   0x00000012   Code   RO         9548    i.UART_EndTxTransfer  stm32l4xx_hal_uart.o
    0x0800639e   0x0800639e   0x00000002   PAD
    0x080063a0   0x080063a0   0x0000048a   Code   RO         9551    i.UART_SetConfig    stm32l4xx_hal_uart.o
    0x0800682a   0x0800682a   0x00000068   Code   RO         9554    i.UART_WaitOnFlagUntilTimeout  stm32l4xx_hal_uart.o
    0x08006892   0x08006892   0x00000002   PAD
    0x08006894   0x08006894   0x00000018   Code   RO         4708    i.USART2_IRQHandler  drv_usart.o
    0x080068ac   0x080068ac   0x00000004   Code   RO         4954    i._Error_Handler    drv_common.o
    0x080068b0   0x080068b0   0x00000010   Code   RO         8430    i.__NVIC_GetPriorityGrouping  stm32l4xx_hal_cortex.o
    0x080068c0   0x080068c0   0x00000028   Code   RO         8431    i.__NVIC_SetPriority  stm32l4xx_hal_cortex.o
    0x080068e8   0x080068e8   0x00000064   Code   RO         6725    i._fdb_continue_ff_addr  fdb_utils.o
    0x0800694c   0x0800694c   0x00000022   Code   RO         6726    i._fdb_flash_erase  fdb_utils.o
    0x0800696e   0x0800696e   0x00000022   Code   RO         6727    i._fdb_flash_read   fdb_utils.o
    0x08006990   0x08006990   0x0000002a   Code   RO         6728    i._fdb_flash_write  fdb_utils.o
    0x080069ba   0x080069ba   0x0000002a   Code   RO         6729    i._fdb_get_status   fdb_utils.o
    0x080069e4   0x080069e4   0x000001c4   Code   RO         6337    i._fdb_init_ex      fdb.o
    0x08006ba8   0x08006ba8   0x000000e8   Code   RO         6338    i._fdb_init_finish  fdb.o
    0x08006c90   0x08006c90   0x00000108   Code   RO         6392    i._fdb_kv_load      fdb_kvdb.o
    0x08006d98   0x08006d98   0x000000d0   Code   RO         6730    i._fdb_read_status  fdb_utils.o
    0x08006e68   0x08006e68   0x0000002e   Code   RO         6731    i._fdb_set_status   fdb_utils.o
    0x08006e96   0x08006e96   0x00000002   PAD
    0x08006e98   0x08006e98   0x00000124   Code   RO         6732    i._fdb_write_status  fdb_utils.o
    0x08006fbc   0x08006fbc   0x00000028   Code   RO         7569    i._get_highest_priority_thread  scheduler.o
    0x08006fe4   0x08006fe4   0x00000014   Code   RO         7029    i._has_defunct_thread  idle.o
    0x08006ff8   0x08006ff8   0x000000c2   Code   RO         7645    i._rt_thread_init   thread.o
    0x080070ba   0x080070ba   0x00000042   Code   RO         7774    i._rt_timer_init    timer.o
    0x080070fc   0x080070fc   0x0000002e   Code   RO         7775    i._rt_timer_remove  timer.o
    0x0800712a   0x0800712a   0x00000002   PAD
    0x0800712c   0x0800712c   0x00000040   Code   RO         3499    i._serial_check_buffer_size  serial.o
    0x0800716c   0x0800716c   0x000000b8   Code   RO         3500    i._serial_int_rx    serial.o
    0x08007224   0x08007224   0x00000098   Code   RO         3501    i._serial_int_tx    serial.o
    0x080072bc   0x080072bc   0x0000005c   Code   RO         3502    i._serial_poll_rx   serial.o
    0x08007318   0x08007318   0x00000054   Code   RO         3503    i._serial_poll_tx   serial.o
    0x0800736c   0x0800736c   0x00000014   Code   RO         3657    i._spi_bus_device_control  spi_dev.o
    0x08007380   0x08007380   0x00000064   Code   RO         3658    i._spi_bus_device_read  spi_dev.o
    0x080073e4   0x080073e4   0x00000064   Code   RO         3659    i._spi_bus_device_write  spi_dev.o
    0x08007448   0x08007448   0x00000014   Code   RO         3660    i._spidev_device_control  spi_dev.o
    0x0800745c   0x0800745c   0x00000068   Code   RO         3661    i._spidev_device_read  spi_dev.o
    0x080074c4   0x080074c4   0x00000068   Code   RO         3662    i._spidev_device_write  spi_dev.o
    0x0800752c   0x0800752c   0x00000006   Code   RO         7940    i._sys_close        stubs.o
    0x08007532   0x08007532   0x00000004   Code   RO         7942    i._sys_exit         stubs.o
    0x08007536   0x08007536   0x00000008   Code   RO         7943    i._sys_flen         stubs.o
    0x0800753e   0x0800753e   0x00000012   Code   RO         7944    i._sys_istty        stubs.o
    0x08007550   0x08007550   0x00000044   Code   RO         7945    i._sys_open         stubs.o
    0x08007594   0x08007594   0x00000012   Code   RO         7947    i._sys_seek         stubs.o
    0x080075a6   0x080075a6   0x00000044   Code   RO         7949    i._sys_write        stubs.o
    0x080075ea   0x080075ea   0x00000010   Code   RO         7950    i._ttywrch          stubs.o
    0x080075fa   0x080075fa   0x00000002   PAD
    0x080075fc   0x080075fc   0x000001b6   Code   RO         3848    i.aai_write         sfud.o
    0x080077b2   0x080077b2   0x0000005a   Code   RO         6393    i.align_write       fdb_kvdb.o
    0x0800780c   0x0800780c   0x0000012c   Code   RO         6394    i.alloc_kv          fdb_kvdb.o
    0x08007938   0x08007938   0x00000036   Code   RO         6395    i.alloc_kv_cb       fdb_kvdb.o
    0x0800796e   0x0800796e   0x00000088   Code   RO         3289    i.backup_map_add    ota_patch.o
    0x080079f6   0x080079f6   0x0000007a   Code   RO         3290    i.backup_map_create  ota_patch.o
    0x08007a70   0x08007a70   0x0000000e   Code   RO         3291    i.backup_map_destroy  ota_patch.o
    0x08007a7e   0x08007a7e   0x0000005e   Code   RO         3292    i.backup_map_query  ota_patch.o
    0x08007adc   0x08007adc   0x000000fc   Code   RO         3432    i.bus_fault_track   cpuport.o
    0x08007bd8   0x08007bd8   0x00000028   Code   RO         6396    i.check_and_recovery_gc_cb  fdb_kvdb.o
    0x08007c00   0x08007c00   0x00000110   Code   RO         6397    i.check_and_recovery_kv_cb  fdb_kvdb.o
    0x08007d10   0x08007d10   0x00000060   Code   RO         6398    i.check_sec_hdr_cb  fdb_kvdb.o
    0x08007d70   0x08007d70   0x00000034   Code   RO         3173    i.crc8              crc8.o
    0x08007da4   0x08007da4   0x0000029a   Code   RO         6399    i.create_kv_blob    fdb_kvdb.o
    0x0800803e   0x0800803e   0x00000002   PAD
    0x08008040   0x08008040   0x00000150   Code   RO         6400    i.del_kv            fdb_kvdb.o
    0x08008190   0x08008190   0x0000015c   Code   RO         6401    i.do_gc             fdb_kvdb.o
    0x080082ec   0x080082ec   0x00000016   Code   RO         3352    i.do_recovery       ota_recovery.o
    0x08008302   0x08008302   0x00000002   PAD
    0x08008304   0x08008304   0x00000188   Code   RO         4905    i.erase             drv_flash_l4.o
    0x0800848c   0x0800848c   0x00000028   Code   RO         5242    i.erase             fal_flash_sfud_port.o
    0x080084b4   0x080084b4   0x0000008c   Code   RO         5075    i.fal_flash_device_find  fal_flash.o
    0x08008540   0x08008540   0x00000158   Code   RO         5076    i.fal_flash_init    fal_flash.o
    0x08008698   0x08008698   0x00000124   Code   RO         5038    i.fal_init          fal.o
    0x080087bc   0x080087bc   0x00000170   Code   RO         5110    i.fal_partition_erase  fal_partition.o
    0x0800892c   0x0800892c   0x00000088   Code   RO         5112    i.fal_partition_find  fal_partition.o
    0x080089b4   0x080089b4   0x00000154   Code   RO         5113    i.fal_partition_init  fal_partition.o
    0x08008b08   0x08008b08   0x00000188   Code   RO         5114    i.fal_partition_read  fal_partition.o
    0x08008c90   0x08008c90   0x0000018c   Code   RO         5115    i.fal_partition_write  fal_partition.o
    0x08008e1c   0x08008e1c   0x00000030   Code   RO         5243    i.fal_sfud_init     fal_flash_sfud_port.o
    0x08008e4c   0x08008e4c   0x00000258   Code   RO         5117    i.fal_show_part_table  fal_partition.o
    0x080090a4   0x080090a4   0x00000006   Code   RO         6733    i.fdb_blob_make     fdb_utils.o
    0x080090aa   0x080090aa   0x00000002   PAD
    0x080090ac   0x080090ac   0x0000002c   Code   RO         6735    i.fdb_calc_crc32    fdb_utils.o
    0x080090d8   0x080090d8   0x0000009c   Code   RO         6405    i.fdb_kv_get_blob   fdb_kvdb.o
    0x08009174   0x08009174   0x0000009c   Code   RO         6411    i.fdb_kv_set_blob   fdb_kvdb.o
    0x08009210   0x08009210   0x000000ba   Code   RO         6412    i.fdb_kv_set_default  fdb_kvdb.o
    0x080092ca   0x080092ca   0x00000002   PAD
    0x080092cc   0x080092cc   0x00000272   Code   RO         6415    i.fdb_kvdb_init     fdb_kvdb.o
    0x0800953e   0x0800953e   0x00000050   Code   RO         6416    i.find_kv           fdb_kvdb.o
    0x0800958e   0x0800958e   0x00000046   Code   RO         6417    i.find_kv_cb        fdb_kvdb.o
    0x080095d4   0x080095d4   0x00000028   Code   RO         6418    i.find_kv_no_cache  fdb_kvdb.o
    0x080095fc   0x080095fc   0x00000098   Code   RO         6419    i.find_next_kv_addr  fdb_kvdb.o
    0x08009694   0x08009694   0x0000003e   Code   RO         5606    i.finsh_block_insert  finsh_heap.o
    0x080096d2   0x080096d2   0x0000007c   Code   RO         5607    i.finsh_block_merge  finsh_heap.o
    0x0800974e   0x0800974e   0x0000002e   Code   RO         5608    i.finsh_block_remove  finsh_heap.o
    0x0800977c   0x0800977c   0x00000018   Code   RO         5609    i.finsh_block_split  finsh_heap.o
    0x08009794   0x08009794   0x00001654   Code   RO         5525    i.finsh_compile     finsh_compiler.o
    0x0800ade8   0x0800ade8   0x00000070   Code   RO         5526    i.finsh_compiler_run  finsh_compiler.o
    0x0800ae58   0x0800ae58   0x0000000c   Code   RO         5572    i.finsh_errno       finsh_error.o
    0x0800ae64   0x0800ae64   0x0000000c   Code   RO         5573    i.finsh_error_init  finsh_error.o
    0x0800ae70   0x0800ae70   0x00000010   Code   RO         5574    i.finsh_error_set   finsh_error.o
    0x0800ae80   0x0800ae80   0x00000010   Code   RO         5575    i.finsh_error_string  finsh_error.o
    0x0800ae90   0x0800ae90   0x00000016   Code   RO         5659    i.finsh_flush       finsh_init.o
    0x0800aea6   0x0800aea6   0x00000002   PAD
    0x0800aea8   0x0800aea8   0x0000005c   Code   RO         5296    i.finsh_get_prompt  shell.o
    0x0800af04   0x0800af04   0x0000005c   Code   RO         5298    i.finsh_getchar     shell.o
    0x0800af60   0x0800af60   0x00000074   Code   RO         5610    i.finsh_heap_allocate  finsh_heap.o
    0x0800afd4   0x0800afd4   0x0000002c   Code   RO         5611    i.finsh_heap_free   finsh_heap.o
    0x0800b000   0x0800b000   0x00000058   Code   RO         5612    i.finsh_heap_gc     finsh_heap.o
    0x0800b058   0x0800b058   0x00000030   Code   RO         5613    i.finsh_heap_init   finsh_heap.o
    0x0800b088   0x0800b088   0x0000001e   Code   RO         5660    i.finsh_init        finsh_init.o
    0x0800b0a6   0x0800b0a6   0x00000002   PAD
    0x0800b0a8   0x0800b0a8   0x0000003c   Code   RO         5695    i.finsh_node_allocate  finsh_node.o
    0x0800b0e4   0x0800b0e4   0x00000014   Code   RO         5696    i.finsh_node_init   finsh_node.o
    0x0800b0f8   0x0800b0f8   0x0000001e   Code   RO         5697    i.finsh_node_new_char  finsh_node.o
    0x0800b116   0x0800b116   0x00000076   Code   RO         5698    i.finsh_node_new_id  finsh_node.o
    0x0800b18c   0x0800b18c   0x0000001e   Code   RO         5699    i.finsh_node_new_int  finsh_node.o
    0x0800b1aa   0x0800b1aa   0x0000001e   Code   RO         5700    i.finsh_node_new_long  finsh_node.o
    0x0800b1c8   0x0800b1c8   0x0000001e   Code   RO         5701    i.finsh_node_new_ptr  finsh_node.o
    0x0800b1e6   0x0800b1e6   0x0000004a   Code   RO         5702    i.finsh_node_new_string  finsh_node.o
    0x0800b230   0x0800b230   0x00000010   Code   RO         6052    i.finsh_parser_init  finsh_parser.o
    0x0800b240   0x0800b240   0x000000dc   Code   RO         6053    i.finsh_parser_run  finsh_parser.o
    0x0800b31c   0x0800b31c   0x000000d4   Code   RO         5299    i.finsh_run_line    shell.o
    0x0800b3f0   0x0800b3f0   0x00000040   Code   RO         5300    i.finsh_rx_ind      shell.o
    0x0800b430   0x0800b430   0x000000dc   Code   RO         5301    i.finsh_set_device  shell.o
    0x0800b50c   0x0800b50c   0x00000048   Code   RO         5304    i.finsh_set_prompt_mode  shell.o
    0x0800b554   0x0800b554   0x0000000c   Code   RO         5662    i.finsh_stack_bottom  finsh_init.o
    0x0800b560   0x0800b560   0x0000005c   Code   RO         6217    i.finsh_syscall_lookup  finsh_vm.o
    0x0800b5bc   0x0800b5bc   0x0000008c   Code   RO         5306    i.finsh_system_init  shell.o
    0x0800b648   0x0800b648   0x0000005c   Code   RO         6164    i.finsh_sysvar_lookup  finsh_var.o
    0x0800b6a4   0x0800b6a4   0x00000400   Code   RO         5308    i.finsh_thread_entry  shell.o
    0x0800baa4   0x0800baa4   0x00000014   Code   RO         6252    i.finsh_token_init  finsh_token.o
    0x0800bab8   0x0800bab8   0x00000018   Code   RO         6253    i.finsh_token_token  finsh_token.o
    0x0800bad0   0x0800bad0   0x0000015e   Code   RO         5527    i.finsh_type_check  finsh_compiler.o
    0x0800bc2e   0x0800bc2e   0x00000002   PAD
    0x0800bc30   0x0800bc30   0x00000014   Code   RO         6166    i.finsh_var_init    finsh_var.o
    0x0800bc44   0x0800bc44   0x00000078   Code   RO         6167    i.finsh_var_insert  finsh_var.o
    0x0800bcbc   0x0800bcbc   0x00000040   Code   RO         6168    i.finsh_var_lookup  finsh_var.o
    0x0800bcfc   0x0800bcfc   0x00000054   Code   RO         6218    i.finsh_vm_run      finsh_vm.o
    0x0800bd50   0x0800bd50   0x00000124   Code   RO         6420    i.format_sector     fdb_kvdb.o
    0x0800be74   0x0800be74   0x0000001a   Code   RO        10613    i.fputc             c_w.l(fputc.o)
    0x0800be8e   0x0800be8e   0x0000000c   Code   RO         7911    i.free              mem_std.o
    0x0800be9a   0x0800be9a   0x00000016   Code   RO         6421    i.gc_check_cb       fdb_kvdb.o
    0x0800beb0   0x0800beb0   0x000000e8   Code   RO         6422    i.gc_collect        fdb_kvdb.o
    0x0800bf98   0x0800bf98   0x0000004e   Code   RO         6423    i.get_kv            fdb_kvdb.o
    0x0800bfe6   0x0800bfe6   0x000000bc   Code   RO         6424    i.get_kv_from_cache  fdb_kvdb.o
    0x0800c0a2   0x0800c0a2   0x00000076   Code   RO         6425    i.get_next_kv_addr  fdb_kvdb.o
    0x0800c118   0x0800c118   0x00000038   Code   RO         6426    i.get_next_sector_addr  fdb_kvdb.o
    0x0800c150   0x0800c150   0x00000032   Code   RO         6427    i.get_sector_from_cache  fdb_kvdb.o
    0x0800c182   0x0800c182   0x00000002   PAD
    0x0800c184   0x0800c184   0x00000080   Code   RO         3433    i.hard_fault_track  cpuport.o
    0x0800c204   0x0800c204   0x000002e4   Code   RO         3849    i.hardware_init     sfud.o
    0x0800c4e8   0x0800c4e8   0x00000020   Code   RO         5403    i.hello             cmd.o
    0x0800c508   0x0800c508   0x00000082   Code   RO         6428    i.kv_iterator       fdb_kvdb.o
    0x0800c58a   0x0800c58a   0x00000004   Code   RO         7892    i.libc_system_init  libc.o
    0x0800c58e   0x0800c58e   0x00000002   PAD
    0x0800c590   0x0800c590   0x000000cc   Code   RO         5404    i.list              cmd.o
    0x0800c65c   0x0800c65c   0x0000002a   Code   RO         5406    i.list_find_init    cmd.o
    0x0800c686   0x0800c686   0x0000008e   Code   RO         5407    i.list_get_next     cmd.o
    0x0800c714   0x0800c714   0x00000112   Code   RO         5408    i.list_mutex        cmd.o
    0x0800c826   0x0800c826   0x00000002   PAD
    0x0800c828   0x0800c828   0x0000020e   Code   RO         5409    i.list_prefix       cmd.o
    0x0800ca36   0x0800ca36   0x00000002   PAD
    0x0800ca38   0x0800ca38   0x00000146   Code   RO         5410    i.list_sem          cmd.o
    0x0800cb7e   0x0800cb7e   0x00000002   PAD
    0x0800cb80   0x0800cb80   0x000001ea   Code   RO         5411    i.list_thread       cmd.o
    0x0800cd6a   0x0800cd6a   0x00000002   PAD
    0x0800cd6c   0x0800cd6c   0x00000160   Code   RO         5412    i.list_timer        cmd.o
    0x0800cecc   0x0800cecc   0x0000003c   Code   RO         3135    i.lzma_do_uncompress  lzma_uncompress.o
    0x0800cf08   0x0800cf08   0x00000030   Code   RO         3136    i.lzma_uncompress   lzma_uncompress.o
    0x0800cf38   0x0800cf38   0x00000014   Code   RO         3137    i.lzma_wrapper_alloc  lzma_uncompress.o
    0x0800cf4c   0x0800cf4c   0x0000000e   Code   RO         3138    i.lzma_wrapper_free  lzma_uncompress.o
    0x0800cf5a   0x0800cf5a   0x00000002   PAD
    0x0800cf5c   0x0800cf5c   0x000000d4   Code   RO            5    i.main              main.o
    0x0800d030   0x0800d030   0x0000000e   Code   RO         6870    i.main_thread_entry  components.o
    0x0800d03e   0x0800d03e   0x0000002c   Code   RO         3850    i.make_adress_byte_array  sfud.o
    0x0800d06a   0x0800d06a   0x00000028   Code   RO         6054    i.make_sys_node     finsh_parser.o
    0x0800d092   0x0800d092   0x0000000c   Code   RO         7912    i.malloc            mem_std.o
    0x0800d09e   0x0800d09e   0x00000026   Code   RO            6    i.mbed_start_application  main.o
    0x0800d0c4   0x0800d0c4   0x000000e8   Code   RO         3434    i.mem_manage_fault_track  cpuport.o
    0x0800d1ac   0x0800d1ac   0x000001b0   Code   RO         6429    i.move_kv           fdb_kvdb.o
    0x0800d35c   0x0800d35c   0x000000a8   Code   RO         6430    i.new_kv            fdb_kvdb.o
    0x0800d404   0x0800d404   0x00000022   Code   RO         6431    i.new_kv_ex         fdb_kvdb.o
    0x0800d426   0x0800d426   0x00000002   PAD
    0x0800d428   0x0800d428   0x0000001c   Code   RO         5413    i.object_split      cmd.o
    0x0800d444   0x0800d444   0x0000000e   Code   RO         3293    i.offtin_u16        ota_patch.o
    0x0800d452   0x0800d452   0x00000026   Code   RO         3294    i.offtin_u32        ota_patch.o
    0x0800d478   0x0800d478   0x00000054   Code   RO         3191    i.ota_fdb_kvdb_init  ota_info.o
    0x0800d4cc   0x0800d4cc   0x00000070   Code   RO         3353    i.ota_img_hdr_crc   ota_recovery.o
    0x0800d53c   0x0800d53c   0x0000004c   Code   RO         3192    i.ota_info_current_version_get  ota_info.o
    0x0800d588   0x0800d588   0x0000000c   Code   RO         3193    i.ota_info_get      ota_info.o
    0x0800d594   0x0800d594   0x00000174   Code   RO         3194    i.ota_info_init     ota_info.o
    0x0800d708   0x0800d708   0x00000048   Code   RO         3195    i.ota_info_new_version_get  ota_info.o
    0x0800d750   0x0800d750   0x00000068   Code   RO         3196    i.ota_info_new_version_update  ota_info.o
    0x0800d7b8   0x0800d7b8   0x00000020   Code   RO         3197    i.ota_partition_is_pingpong  ota_info.o
    0x0800d7d8   0x0800d7d8   0x000003b0   Code   RO         3295    i.ota_patch         ota_patch.o
    0x0800db88   0x0800db88   0x00000064   Code   RO         3354    i.ota_recovery      ota_recovery.o
    0x0800dbec   0x0800dbec   0x00000192   Code   RO         3851    i.page256_or_1_byte_write  sfud.o
    0x0800dd7e   0x0800dd7e   0x000000a0   Code   RO         3355    i.partition_recovery  ota_recovery.o
    0x0800de1e   0x0800de1e   0x0000016c   Code   RO         3356    i.patch_verify      ota_recovery.o
    0x0800df8a   0x0800df8a   0x00000002   PAD
    0x0800df8c   0x0800df8c   0x0000010c   Code   RO         7424    i.plug_holes        mem.o
    0x0800e098   0x0800e098   0x0000004c   Code   RO            7    i.powerdown_nvic    main.o
    0x0800e0e4   0x0800e0e4   0x00000058   Code   RO            8    i.powerdown_scb     main.o
    0x0800e13c   0x0800e13c   0x0000019e   Code   RO         7226    i.print_number      kservice.o
    0x0800e2da   0x0800e2da   0x00000072   Code   RO         6055    i.proc_additive_expr  finsh_parser.o
    0x0800e34c   0x0800e34c   0x0000004c   Code   RO         6056    i.proc_and_expr     finsh_parser.o
    0x0800e398   0x0800e398   0x00000038   Code   RO         6057    i.proc_assign_expr  finsh_parser.o
    0x0800e3d0   0x0800e3d0   0x0000004e   Code   RO         6058    i.proc_cast_expr    finsh_parser.o
    0x0800e41e   0x0800e41e   0x0000004c   Code   RO         6059    i.proc_exclusive_or_expr  finsh_parser.o
    0x0800e46a   0x0800e46a   0x0000000c   Code   RO         6060    i.proc_expr         finsh_parser.o
    0x0800e476   0x0800e476   0x00000038   Code   RO         6061    i.proc_expr_statement  finsh_parser.o
    0x0800e4ae   0x0800e4ae   0x0000002c   Code   RO         6062    i.proc_identifier   finsh_parser.o
    0x0800e4da   0x0800e4da   0x0000004c   Code   RO         6063    i.proc_inclusive_or_expr  finsh_parser.o
    0x0800e526   0x0800e526   0x0000008a   Code   RO         6064    i.proc_multiplicative_expr  finsh_parser.o
    0x0800e5b0   0x0800e5b0   0x0000004c   Code   RO         6065    i.proc_param_list   finsh_parser.o
    0x0800e5fc   0x0800e5fc   0x000000a2   Code   RO         6066    i.proc_postfix_expr  finsh_parser.o
    0x0800e69e   0x0800e69e   0x0000009e   Code   RO         6067    i.proc_primary_expr  finsh_parser.o
    0x0800e73c   0x0800e73c   0x00000074   Code   RO         6068    i.proc_shift_expr   finsh_parser.o
    0x0800e7b0   0x0800e7b0   0x000000fa   Code   RO         6069    i.proc_type         finsh_parser.o
    0x0800e8aa   0x0800e8aa   0x000000be   Code   RO         6070    i.proc_unary_expr   finsh_parser.o
    0x0800e968   0x0800e968   0x000001da   Code   RO         6071    i.proc_variable_decl  finsh_parser.o
    0x0800eb42   0x0800eb42   0x00000002   PAD
    0x0800eb44   0x0800eb44   0x00000064   Code   RO         4839    i.qspi_configure    drv_qspi.o
    0x0800eba8   0x0800eba8   0x000000f2   Code   RO         3743    i.qspi_read         spi_flash_sfud.o
    0x0800ec9a   0x0800ec9a   0x00000002   PAD
    0x0800ec9c   0x0800ec9c   0x0000011c   Code   RO         4840    i.qspi_send_cmd     drv_qspi.o
    0x0800edb8   0x0800edb8   0x0000003e   Code   RO         3852    i.qspi_set_read_cmd_format  sfud.o
    0x0800edf6   0x0800edf6   0x00000002   PAD
    0x0800edf8   0x0800edf8   0x0000014e   Code   RO         4841    i.qspixfer          drv_qspi.o
    0x0800ef46   0x0800ef46   0x00000002   PAD
    0x0800ef48   0x0800ef48   0x0000007c   Code   RO         4906    i.read              drv_flash_l4.o
    0x0800efc4   0x0800efc4   0x00000024   Code   RO         5244    i.read              fal_flash_sfud_port.o
    0x0800efe8   0x0800efe8   0x00000100   Code   RO         4003    i.read_basic_header  sfud_sfdp.o
    0x0800f0e8   0x0800f0e8   0x00000314   Code   RO         4004    i.read_basic_table  sfud_sfdp.o
    0x0800f3fc   0x0800f3fc   0x0000008c   Code   RO         3853    i.read_jedec_id     sfud.o
    0x0800f488   0x0800f488   0x000001ea   Code   RO         6433    i.read_kv           fdb_kvdb.o
    0x0800f672   0x0800f672   0x00000002   PAD
    0x0800f674   0x0800f674   0x00000260   Code   RO         6434    i.read_sector_info  fdb_kvdb.o
    0x0800f8d4   0x0800f8d4   0x00000040   Code   RO         4005    i.read_sfdp_data    sfud_sfdp.o
    0x0800f914   0x0800f914   0x000000fc   Code   RO         4006    i.read_sfdp_header  sfud_sfdp.o
    0x0800fa10   0x0800fa10   0x000000c0   Code   RO         3854    i.reset             sfud.o
    0x0800fad0   0x0800fad0   0x0000000a   Code   RO         3744    i.retry_delay_100us  spi_flash_sfud.o
    0x0800fada   0x0800fada   0x00000002   PAD
    0x0800fadc   0x0800fadc   0x00000050   Code   RO         6871    i.rt_application_init  components.o
    0x0800fb2c   0x0800fb2c   0x00000074   Code   RO         7227    i.rt_assert_handler  kservice.o
    0x0800fba0   0x0800fba0   0x00000022   Code   RO         7425    i.rt_calloc         mem.o
    0x0800fbc2   0x0800fbc2   0x00000002   PAD
    0x0800fbc4   0x0800fbc4   0x00000068   Code   RO         4042    i.rt_completion_done  completion.o
    0x0800fc2c   0x0800fc2c   0x00000048   Code   RO         4043    i.rt_completion_init  completion.o
    0x0800fc74   0x0800fc74   0x00000140   Code   RO         4044    i.rt_completion_wait  completion.o
    0x0800fdb4   0x0800fdb4   0x0000001c   Code   RO         6872    i.rt_components_board_init  components.o
    0x0800fdd0   0x0800fdd0   0x0000001c   Code   RO         6873    i.rt_components_init  components.o
    0x0800fdec   0x0800fdec   0x0000000c   Code   RO         7229    i.rt_console_get_device  kservice.o
    0x0800fdf8   0x0800fdf8   0x00000034   Code   RO         7230    i.rt_console_set_device  kservice.o
    0x0800fe2c   0x0800fe2c   0x000000ac   Code   RO         6938    i.rt_device_close   device.o
    0x0800fed8   0x0800fed8   0x0000007c   Code   RO         6942    i.rt_device_find    device.o
    0x0800ff54   0x0800ff54   0x00000148   Code   RO         6945    i.rt_device_open    device.o
    0x0801009c   0x0801009c   0x000000b4   Code   RO         6946    i.rt_device_read    device.o
    0x08010150   0x08010150   0x00000034   Code   RO         6947    i.rt_device_register  device.o
    0x08010184   0x08010184   0x00000080   Code   RO         6948    i.rt_device_set_rx_indicate  device.o
    0x08010204   0x08010204   0x000000b4   Code   RO         6951    i.rt_device_write   device.o
    0x080102b8   0x080102b8   0x00000020   Code   RO         7571    i.rt_enter_critical  scheduler.o
    0x080102d8   0x080102d8   0x00000044   Code   RO         7572    i.rt_exit_critical  scheduler.o
    0x0801031c   0x0801031c   0x000001f0   Code   RO         7426    i.rt_free           mem.o
    0x0801050c   0x0801050c   0x00000048   Code   RO         4956    i.rt_hw_board_init  drv_common.o
    0x08010554   0x08010554   0x00000002   Code   RO         7233    i.rt_hw_console_output  kservice.o
    0x08010556   0x08010556   0x00000002   PAD
    0x08010558   0x08010558   0x0000022c   Code   RO         3438    i.rt_hw_hard_fault_exception  cpuport.o
    0x08010784   0x08010784   0x00000018   Code   RO         4842    i.rt_hw_qspi_bus_init  drv_qspi.o
    0x0801079c   0x0801079c   0x00000048   Code   RO         4644    i.rt_hw_qspi_flash_with_sfud_init  drv_qspi_flash.o
    0x080107e4   0x080107e4   0x000000f8   Code   RO         3504    i.rt_hw_serial_isr  serial.o
    0x080108dc   0x080108dc   0x00000080   Code   RO         3505    i.rt_hw_serial_register  serial.o
    0x0801095c   0x0801095c   0x00000050   Code   RO         3439    i.rt_hw_stack_init  cpuport.o
    0x080109ac   0x080109ac   0x00000048   Code   RO         4957    i.rt_hw_systick_init  drv_common.o
    0x080109f4   0x080109f4   0x000000e8   Code   RO         4709    i.rt_hw_usart_init  drv_usart.o
    0x08010adc   0x08010adc   0x00000024   Code   RO         7198    i.rt_interrupt_enter  irq.o
    0x08010b00   0x08010b00   0x0000001c   Code   RO         7199    i.rt_interrupt_get_nest  irq.o
    0x08010b1c   0x08010b1c   0x00000024   Code   RO         7200    i.rt_interrupt_leave  irq.o
    0x08010b40   0x08010b40   0x00000018   Code   RO         7070    i.rt_ipc_list_resume  ipc.o
    0x08010b58   0x08010b58   0x00000032   Code   RO         7071    i.rt_ipc_list_resume_all  ipc.o
    0x08010b8a   0x08010b8a   0x0000006e   Code   RO         7072    i.rt_ipc_list_suspend  ipc.o
    0x08010bf8   0x08010bf8   0x00000010   Code   RO         7073    i.rt_ipc_object_init  ipc.o
    0x08010c08   0x08010c08   0x00000068   Code   RO         7234    i.rt_kprintf        kservice.o
    0x08010c70   0x08010c70   0x00000006   Code   RO         7573    i.rt_list_init      scheduler.o
    0x08010c76   0x08010c76   0x00000006   Code   RO         7776    i.rt_list_init      timer.o
    0x08010c7c   0x08010c7c   0x0000000e   Code   RO         7481    i.rt_list_insert_after  object.o
    0x08010c8a   0x08010c8a   0x0000000e   Code   RO         7646    i.rt_list_insert_after  thread.o
    0x08010c98   0x08010c98   0x0000000e   Code   RO         7777    i.rt_list_insert_after  timer.o
    0x08010ca6   0x08010ca6   0x0000000e   Code   RO         7074    i.rt_list_insert_before  ipc.o
    0x08010cb4   0x08010cb4   0x00000010   Code   RO         4045    i.rt_list_isempty   completion.o
    0x08010cc4   0x08010cc4   0x00000010   Code   RO         7075    i.rt_list_isempty   ipc.o
    0x08010cd4   0x08010cd4   0x00000010   Code   RO         7778    i.rt_list_isempty   timer.o
    0x08010ce4   0x08010ce4   0x00000014   Code   RO         5414    i.rt_list_len       cmd.o
    0x08010cf8   0x08010cf8   0x00000012   Code   RO         7482    i.rt_list_remove    object.o
    0x08010d0a   0x08010d0a   0x00000012   Code   RO         7647    i.rt_list_remove    thread.o
    0x08010d1c   0x08010d1c   0x000002a0   Code   RO         7427    i.rt_malloc         mem.o
    0x08010fbc   0x08010fbc   0x00000042   Code   RO         7239    i.rt_memmove        kservice.o
    0x08010ffe   0x08010ffe   0x00000048   Code   RO         7240    i.rt_memset         kservice.o
    0x08011046   0x08011046   0x00000002   PAD
    0x08011048   0x08011048   0x000000a0   Code   RO         7079    i.rt_mutex_detach   ipc.o
    0x080110e8   0x080110e8   0x00000054   Code   RO         7080    i.rt_mutex_init     ipc.o
    0x0801113c   0x0801113c   0x0000019c   Code   RO         7081    i.rt_mutex_release  ipc.o
    0x080112d8   0x080112d8   0x000001c0   Code   RO         7082    i.rt_mutex_take     ipc.o
    0x08011498   0x08011498   0x000000d4   Code   RO         7483    i.rt_object_allocate  object.o
    0x0801156c   0x0801156c   0x0000008c   Code   RO         7484    i.rt_object_delete  object.o
    0x080115f8   0x080115f8   0x00000044   Code   RO         7485    i.rt_object_detach  object.o
    0x0801163c   0x0801163c   0x00000028   Code   RO         7487    i.rt_object_get_information  object.o
    0x08011664   0x08011664   0x00000034   Code   RO         7490    i.rt_object_get_type  object.o
    0x08011698   0x08011698   0x000000a8   Code   RO         7491    i.rt_object_init    object.o
    0x08011740   0x08011740   0x0000003c   Code   RO         7492    i.rt_object_is_systemobject  object.o
    0x0801177c   0x0801177c   0x00000026   Code   RO         3706    i.rt_qspi_bus_register  qspi_core.o
    0x080117a2   0x080117a2   0x00000002   PAD
    0x080117a4   0x080117a4   0x00000084   Code   RO         3707    i.rt_qspi_configure  qspi_core.o
    0x08011828   0x08011828   0x00000120   Code   RO         3708    i.rt_qspi_send      qspi_core.o
    0x08011948   0x08011948   0x00000152   Code   RO         3709    i.rt_qspi_send_then_recv  qspi_core.o
    0x08011a9a   0x08011a9a   0x00000002   PAD
    0x08011a9c   0x08011a9c   0x000000c0   Code   RO         3710    i.rt_qspi_transfer_message  qspi_core.o
    0x08011b5c   0x08011b5c   0x00000124   Code   RO         7574    i.rt_schedule       scheduler.o
    0x08011c80   0x08011c80   0x0000009c   Code   RO         7575    i.rt_schedule_insert_thread  scheduler.o
    0x08011d1c   0x08011d1c   0x00000080   Code   RO         7576    i.rt_schedule_remove_thread  scheduler.o
    0x08011d9c   0x08011d9c   0x0000006c   Code   RO         7087    i.rt_sem_init       ipc.o
    0x08011e08   0x08011e08   0x00000094   Code   RO         7088    i.rt_sem_release    ipc.o
    0x08011e9c   0x08011e9c   0x00000178   Code   RO         7089    i.rt_sem_take       ipc.o
    0x08012014   0x08012014   0x000000d4   Code   RO         3506    i.rt_serial_close   serial.o
    0x080120e8   0x080120e8   0x000000a4   Code   RO         3507    i.rt_serial_control  serial.o
    0x0801218c   0x0801218c   0x00000048   Code   RO         3508    i.rt_serial_init    serial.o
    0x080121d4   0x080121d4   0x00000194   Code   RO         3509    i.rt_serial_open    serial.o
    0x08012368   0x08012368   0x00000058   Code   RO         3510    i.rt_serial_read    serial.o
    0x080123c0   0x080123c0   0x00000058   Code   RO         3511    i.rt_serial_write   serial.o
    0x08012418   0x08012418   0x00000028   Code   RO         7241    i.rt_set_errno      kservice.o
    0x08012440   0x08012440   0x000000b2   Code   RO         3745    i.rt_sfud_control   spi_flash_sfud.o
    0x080124f2   0x080124f2   0x00000002   PAD
    0x080124f4   0x080124f4   0x000000b8   Code   RO         3747    i.rt_sfud_flash_find  spi_flash_sfud.o
    0x080125ac   0x080125ac   0x00000034   Code   RO         3749    i.rt_sfud_flash_probe  spi_flash_sfud.o
    0x080125e0   0x080125e0   0x00000316   Code   RO         3750    i.rt_sfud_flash_probe_ex  spi_flash_sfud.o
    0x080128f6   0x080128f6   0x00000002   PAD
    0x080128f8   0x080128f8   0x00000082   Code   RO         3751    i.rt_sfud_read      spi_flash_sfud.o
    0x0801297a   0x0801297a   0x00000002   PAD
    0x0801297c   0x0801297c   0x00000082   Code   RO         3752    i.rt_sfud_write     spi_flash_sfud.o
    0x080129fe   0x080129fe   0x00000002   PAD
    0x08012a00   0x08012a00   0x000000c4   Code   RO         7242    i.rt_show_version   kservice.o
    0x08012ac4   0x08012ac4   0x0000004a   Code   RO         3578    i.rt_spi_bus_attach_device  spi_core.o
    0x08012b0e   0x08012b0e   0x00000002   PAD
    0x08012b10   0x08012b10   0x00000058   Code   RO         3663    i.rt_spi_bus_device_init  spi_dev.o
    0x08012b68   0x08012b68   0x00000038   Code   RO         3579    i.rt_spi_bus_register  spi_core.o
    0x08012ba0   0x08012ba0   0x00000074   Code   RO         3580    i.rt_spi_configure  spi_core.o
    0x08012c14   0x08012c14   0x00000120   Code   RO         3583    i.rt_spi_send_then_recv  spi_core.o
    0x08012d34   0x08012d34   0x000000f8   Code   RO         3587    i.rt_spi_transfer   spi_core.o
    0x08012e2c   0x08012e2c   0x00000058   Code   RO         3664    i.rt_spidev_device_init  spi_dev.o
    0x08012e84   0x08012e84   0x00000022   Code   RO         7244    i.rt_sprintf        kservice.o
    0x08012ea6   0x08012ea6   0x00000012   Code   RO         7248    i.rt_strlen         kservice.o
    0x08012eb8   0x08012eb8   0x00000028   Code   RO         7249    i.rt_strncmp        kservice.o
    0x08012ee0   0x08012ee0   0x00000034   Code   RO         7250    i.rt_strncpy        kservice.o
    0x08012f14   0x08012f14   0x00000154   Code   RO         7430    i.rt_system_heap_init  mem.o
    0x08013068   0x08013068   0x00000040   Code   RO         7577    i.rt_system_scheduler_init  scheduler.o
    0x080130a8   0x080130a8   0x00000028   Code   RO         7578    i.rt_system_scheduler_start  scheduler.o
    0x080130d0   0x080130d0   0x0000001c   Code   RO         7779    i.rt_system_timer_init  timer.o
    0x080130ec   0x080130ec   0x00000002   Code   RO         7780    i.rt_system_timer_thread_init  timer.o
    0x080130ee   0x080130ee   0x00000002   PAD
    0x080130f0   0x080130f0   0x000000c8   Code   RO         7648    i.rt_thread_control  thread.o
    0x080131b8   0x080131b8   0x00000056   Code   RO         7649    i.rt_thread_create  thread.o
    0x0801320e   0x0801320e   0x0000000c   Code   RO         7650    i.rt_thread_delay   thread.o
    0x0801321a   0x0801321a   0x00000002   PAD
    0x0801321c   0x0801321c   0x000000e0   Code   RO         7652    i.rt_thread_delete  thread.o
    0x080132fc   0x080132fc   0x000000ec   Code   RO         7653    i.rt_thread_detach  thread.o
    0x080133e8   0x080133e8   0x00000054   Code   RO         7654    i.rt_thread_exit    thread.o
    0x0801343c   0x0801343c   0x00000008   Code   RO         7030    i.rt_thread_idle_entry  idle.o
    0x08013444   0x08013444   0x000000e4   Code   RO         7031    i.rt_thread_idle_excute  idle.o
    0x08013528   0x08013528   0x00000068   Code   RO         7033    i.rt_thread_idle_init  idle.o
    0x08013590   0x08013590   0x00000082   Code   RO         7656    i.rt_thread_init    thread.o
    0x08013612   0x08013612   0x00000014   Code   RO         7657    i.rt_thread_mdelay  thread.o
    0x08013626   0x08013626   0x00000002   PAD
    0x08013628   0x08013628   0x00000084   Code   RO         7658    i.rt_thread_resume  thread.o
    0x080136ac   0x080136ac   0x0000000c   Code   RO         7659    i.rt_thread_self    thread.o
    0x080136b8   0x080136b8   0x00000080   Code   RO         7660    i.rt_thread_sleep   thread.o
    0x08013738   0x08013738   0x000000c4   Code   RO         7661    i.rt_thread_startup  thread.o
    0x080137fc   0x080137fc   0x000000c4   Code   RO         7662    i.rt_thread_suspend  thread.o
    0x080138c0   0x080138c0   0x000000b4   Code   RO         7663    i.rt_thread_timeout  thread.o
    0x08013974   0x08013974   0x0000003a   Code   RO         6832    i.rt_tick_from_millisecond  clock.o
    0x080139ae   0x080139ae   0x00000002   PAD
    0x080139b0   0x080139b0   0x0000000c   Code   RO         6833    i.rt_tick_get       clock.o
    0x080139bc   0x080139bc   0x0000003c   Code   RO         6834    i.rt_tick_increase  clock.o
    0x080139f8   0x080139f8   0x000000ac   Code   RO         7781    i.rt_timer_check    timer.o
    0x08013aa4   0x08013aa4   0x000000dc   Code   RO         7782    i.rt_timer_control  timer.o
    0x08013b80   0x08013b80   0x000000dc   Code   RO         7785    i.rt_timer_detach   timer.o
    0x08013c5c   0x08013c5c   0x00000054   Code   RO         7786    i.rt_timer_init     timer.o
    0x08013cb0   0x08013cb0   0x000001a8   Code   RO         7789    i.rt_timer_start    timer.o
    0x08013e58   0x08013e58   0x000000a8   Code   RO         7790    i.rt_timer_stop     timer.o
    0x08013f00   0x08013f00   0x00000336   Code   RO         7253    i.rt_vsnprintf      kservice.o
    0x08014236   0x08014236   0x00000016   Code   RO         7254    i.rt_vsprintf       kservice.o
    0x0801424c   0x0801424c   0x00000004   Code   RO         6874    i.rti_board_end     components.o
    0x08014250   0x08014250   0x00000004   Code   RO         6875    i.rti_board_start   components.o
    0x08014254   0x08014254   0x00000004   Code   RO         6876    i.rti_end           components.o
    0x08014258   0x08014258   0x00000004   Code   RO         6877    i.rti_start         components.o
    0x0801425c   0x0801425c   0x0000002a   Code   RO         6878    i.rtthread_startup  components.o
    0x08014286   0x08014286   0x0000006a   Code   RO         6435    i.sector_iterator   fdb_kvdb.o
    0x080142f0   0x080142f0   0x0000002e   Code   RO         6436    i.sector_statistics_cb  fdb_kvdb.o
    0x0801431e   0x0801431e   0x00000002   PAD
    0x08014320   0x08014320   0x000000b4   Code   RO         3855    i.set_4_byte_address_mode  sfud.o
    0x080143d4   0x080143d4   0x000000aa   Code   RO         6437    i.set_kv            fdb_kvdb.o
    0x0801447e   0x0801447e   0x00000002   PAD
    0x08014480   0x08014480   0x000000e0   Code   RO         3856    i.set_write_enabled  sfud.o
    0x08014560   0x08014560   0x000000e8   Code   RO         3857    i.sfud_chip_erase   sfud.o
    0x08014648   0x08014648   0x000000c0   Code   RO         3858    i.sfud_device_init  sfud.o
    0x08014708   0x08014708   0x000001c2   Code   RO         3859    i.sfud_erase        sfud.o
    0x080148ca   0x080148ca   0x00000030   Code   RO         3860    i.sfud_erase_write  sfud.o
    0x080148fa   0x080148fa   0x00000002   PAD
    0x080148fc   0x080148fc   0x00000114   Code   RO         3865    i.sfud_qspi_fast_read_enable  sfud.o
    0x08014a10   0x08014a10   0x000000ee   Code   RO         3866    i.sfud_read         sfud.o
    0x08014afe   0x08014afe   0x00000002   PAD
    0x08014b00   0x08014b00   0x00000050   Code   RO         4007    i.sfud_read_sfdp    sfud_sfdp.o
    0x08014b50   0x08014b50   0x0000001e   Code   RO         3867    i.sfud_read_status  sfud.o
    0x08014b6e   0x08014b6e   0x00000056   Code   RO         4008    i.sfud_sfdp_get_suitable_eraser  sfud_sfdp.o
    0x08014bc4   0x08014bc4   0x00000080   Code   RO         3753    i.sfud_spi_port_init  spi_flash_sfud.o
    0x08014c44   0x08014c44   0x0000004c   Code   RO         3868    i.sfud_write        sfud.o
    0x08014c90   0x08014c90   0x000000b0   Code   RO         3869    i.sfud_write_status  sfud.o
    0x08014d40   0x08014d40   0x00000030   Code   RO         5309    i.shell_auto_complete  shell.o
    0x08014d70   0x08014d70   0x00000030   Code   RO         5415    i.show_wait_queue   cmd.o
    0x08014da0   0x08014da0   0x00000026   Code   RO         7255    i.skip_atoi         kservice.o
    0x08014dc6   0x08014dc6   0x00000006   Code   RO         3870    i.software_init     sfud.o
    0x08014dcc   0x08014dcc   0x00000058   Code   RO         3754    i.spi_lock          spi_flash_sfud.o
    0x08014e24   0x08014e24   0x00000054   Code   RO         3755    i.spi_unlock        spi_flash_sfud.o
    0x08014e78   0x08014e78   0x0000013a   Code   RO         3756    i.spi_write_read    spi_flash_sfud.o
    0x08014fb2   0x08014fb2   0x00000002   PAD
    0x08014fb4   0x08014fb4   0x000000f0   Code   RO         4710    i.stm32_configure   drv_usart.o
    0x080150a4   0x080150a4   0x000000d8   Code   RO         4711    i.stm32_control     drv_usart.o
    0x0801517c   0x0801517c   0x00000078   Code   RO         4712    i.stm32_dma_transmit  drv_usart.o
    0x080151f4   0x080151f4   0x00000048   Code   RO         4713    i.stm32_getc        drv_usart.o
    0x0801523c   0x0801523c   0x0000004c   Code   RO         4714    i.stm32_putc        drv_usart.o
    0x08015288   0x08015288   0x00000152   Code   RO         4843    i.stm32_qspi_bus_attach_device  drv_qspi.o
    0x080153da   0x080153da   0x00000002   PAD
    0x080153dc   0x080153dc   0x000001d4   Code   RO         4844    i.stm32_qspi_init   drv_qspi.o
    0x080155b0   0x080155b0   0x00000060   Code   RO         4845    i.stm32_qspi_register_bus  drv_qspi.o
    0x08015610   0x08015610   0x00000010   Code   RO         4715    i.stm32_uart_get_dma_config  drv_usart.o
    0x08015620   0x08015620   0x00000020   Code   RO         5416    i.str_common        cmd.o
    0x08015640   0x08015640   0x00000022   Code   RO         5417    i.str_is_prefix     cmd.o
    0x08015662   0x08015662   0x00000078   Code   RO         6254    i.token_get_string  finsh_token.o
    0x080156da   0x080156da   0x00000002   PAD
    0x080156dc   0x080156dc   0x00000034   Code   RO         6255    i.token_match_name  finsh_token.o
    0x08015710   0x08015710   0x0000003e   Code   RO         6256    i.token_next_char   finsh_token.o
    0x0801574e   0x0801574e   0x00000016   Code   RO         6257    i.token_prev_char   finsh_token.o
    0x08015764   0x08015764   0x000000a2   Code   RO         6258    i.token_proc_char   finsh_token.o
    0x08015806   0x08015806   0x000000d6   Code   RO         6259    i.token_proc_escape  finsh_token.o
    0x080158dc   0x080158dc   0x00000120   Code   RO         6260    i.token_proc_number  finsh_token.o
    0x080159fc   0x080159fc   0x00000050   Code   RO         6261    i.token_proc_string  finsh_token.o
    0x08015a4c   0x08015a4c   0x0000019e   Code   RO         6262    i.token_run         finsh_token.o
    0x08015bea   0x08015bea   0x0000009e   Code   RO         6263    i.token_spec_number  finsh_token.o
    0x08015c88   0x08015c88   0x00000022   Code   RO         6264    i.token_trim_space  finsh_token.o
    0x08015caa   0x08015caa   0x00000002   PAD
    0x08015cac   0x08015cac   0x000000d0   Code   RO         4716    i.uart_isr          drv_usart.o
    0x08015d7c   0x08015d7c   0x00000126   Code   RO         6438    i.update_kv_cache   fdb_kvdb.o
    0x08015ea2   0x08015ea2   0x00000072   Code   RO         6439    i.update_sec_status  fdb_kvdb.o
    0x08015f14   0x08015f14   0x0000007c   Code   RO         6440    i.update_sector_cache  fdb_kvdb.o
    0x08015f90   0x08015f90   0x000000e8   Code   RO         3440    i.usage_fault_track  cpuport.o
    0x08016078   0x08016078   0x0000000a   Code   RO         5418    i.version           cmd.o
    0x08016082   0x08016082   0x00000002   PAD
    0x08016084   0x08016084   0x00000074   Code   RO         4645    i.w25qxx_enter_qspi_mode  drv_qspi_flash.o
    0x080160f8   0x080160f8   0x0000001e   Code   RO         4646    i.w25qxx_read_status_register2  drv_qspi_flash.o
    0x08016116   0x08016116   0x00000014   Code   RO         4647    i.w25qxx_write_enable  drv_qspi_flash.o
    0x0801612a   0x0801612a   0x00000002   PAD
    0x0801612c   0x0801612c   0x00000094   Code   RO         3871    i.wait_busy         sfud.o
    0x080161c0   0x080161c0   0x0000018e   Code   RO         4907    i.write             drv_flash_l4.o
    0x0801634e   0x0801634e   0x00000002   PAD
    0x08016350   0x08016350   0x0000002c   Code   RO         5245    i.write             fal_flash_sfud_port.o
    0x0801637c   0x0801637c   0x00000038   Code   RO         6441    i.write_kv_hdr      fdb_kvdb.o
    0x080163b4   0x080163b4   0x0000002c   Code   RO        10700    locale$$code        c_w.l(lc_ctype_c.o)
    0x080163e0   0x080163e0   0x0000000a   Code   RO        10803    x$fpl$fpinit        fz_wm.l(fpinit.o)
    0x080163ea   0x080163ea   0x000000c4   Data   RO         3512    .constdata          serial.o
    0x080164ae   0x080164ae   0x000000a3   Data   RO         3589    .constdata          spi_core.o
    0x08016551   0x08016551   0x00000081   Data   RO         3665    .constdata          spi_dev.o
    0x080165d2   0x080165d2   0x0000004f   Data   RO         3711    .constdata          qspi_core.o
    0x08016621   0x08016621   0x00000003   PAD
    0x08016624   0x08016624   0x000000b1   Data   RO         3757    .constdata          spi_flash_sfud.o
    0x080166d5   0x080166d5   0x00000003   PAD
    0x080166d8   0x080166d8   0x00000280   Data   RO         3873    .constdata          sfud.o
    0x08016958   0x08016958   0x00000039   Data   RO         4046    .constdata          completion.o
    0x08016991   0x08016991   0x00000003   PAD
    0x08016994   0x08016994   0x00000080   Data   RO         4718    .constdata          drv_usart.o
    0x08016a14   0x08016a14   0x000000b7   Data   RO         4847    .constdata          drv_qspi.o
    0x08016acb   0x08016acb   0x00000009   Data   RO         5040    .constdata          fal.o
    0x08016ad4   0x08016ad4   0x0000002d   Data   RO         5077    .constdata          fal_flash.o
    0x08016b01   0x08016b01   0x00000096   Data   RO         5118    .constdata          fal_partition.o
    0x08016b97   0x08016b97   0x00000001   PAD
    0x08016b98   0x08016b98   0x00000038   Data   RO         5247    .constdata          fal_flash_sfud_port.o
    0x08016bd0   0x08016bd0   0x00000087   Data   RO         5311    .constdata          shell.o
    0x08016c57   0x08016c57   0x00000001   PAD
    0x08016c58   0x08016c58   0x000000c4   Data   RO         5800    .constdata          finsh_ops.o
    0x08016d1c   0x08016d1c   0x00000040   Data   RO         6265    .constdata          finsh_token.o
    0x08016d5c   0x08016d5c   0x0000000d   Data   RO         6339    .constdata          fdb.o
    0x08016d69   0x08016d69   0x00000046   Data   RO         6443    .constdata          fdb_kvdb.o
    0x08016daf   0x08016daf   0x00000001   PAD
    0x08016db0   0x08016db0   0x00000423   Data   RO         6736    .constdata          fdb_utils.o
    0x080171d3   0x080171d3   0x00000014   Data   RO         6879    .constdata          components.o
    0x080171e7   0x080171e7   0x000000c9   Data   RO         6952    .constdata          device.o
    0x080172b0   0x080172b0   0x00000016   Data   RO         7035    .constdata          idle.o
    0x080172c6   0x080172c6   0x000000ce   Data   RO         7091    .constdata          ipc.o
    0x08017394   0x08017394   0x00000022   Data   RO         7257    .constdata          kservice.o
    0x080173b6   0x080173b6   0x0000003c   Data   RO         7432    .constdata          mem.o
    0x080173f2   0x080173f2   0x00000080   Data   RO         7494    .constdata          object.o
    0x08017472   0x08017472   0x00000034   Data   RO         7580    .constdata          scheduler.o
    0x080174a6   0x080174a6   0x000000cf   Data   RO         7665    .constdata          thread.o
    0x08017575   0x08017575   0x0000005c   Data   RO         7791    .constdata          timer.o
    0x080175d1   0x080175d1   0x0000001b   Data   RO         7953    .constdata          stubs.o
    0x080175ec   0x080175ec   0x00000048   Data   RO         8125    .constdata          system_stm32l4xx.o
    0x08017634   0x08017634   0x0000003c   Data   RO         3199    .conststring        ota_info.o
    0x08017670   0x08017670   0x00000063   Data   RO         3513    .conststring        serial.o
    0x080176d3   0x080176d3   0x00000001   PAD
    0x080176d4   0x080176d4   0x0000005b   Data   RO         3758    .conststring        spi_flash_sfud.o
    0x0801772f   0x0801772f   0x00000001   PAD
    0x08017730   0x08017730   0x0000014d   Data   RO         3874    .conststring        sfud.o
    0x0801787d   0x0801787d   0x00000003   PAD
    0x08017880   0x08017880   0x0000013f   Data   RO         4009    .conststring        sfud_sfdp.o
    0x080179bf   0x080179bf   0x00000001   PAD
    0x080179c0   0x080179c0   0x00000006   Data   RO         4719    .conststring        drv_usart.o
    0x080179c6   0x080179c6   0x00000002   PAD
    0x080179c8   0x080179c8   0x00000045   Data   RO         4848    .conststring        drv_qspi.o
    0x08017a0d   0x08017a0d   0x00000003   PAD
    0x08017a10   0x08017a10   0x0000005b   Data   RO         5078    .conststring        fal_flash.o
    0x08017a6b   0x08017a6b   0x00000001   PAD
    0x08017a6c   0x08017a6c   0x00000132   Data   RO         5119    .conststring        fal_partition.o
    0x08017b9e   0x08017b9e   0x00000002   PAD
    0x08017ba0   0x08017ba0   0x00000044   Data   RO         5420    .conststring        cmd.o
    0x08017be4   0x08017be4   0x0000003f   Data   RO         5508    .conststring        symbol.o
    0x08017c23   0x08017c23   0x00000001   PAD
    0x08017c24   0x08017c24   0x000000f3   Data   RO         5576    .conststring        finsh_error.o
    0x08017d17   0x08017d17   0x00000001   PAD
    0x08017d18   0x08017d18   0x0000003e   Data   RO         6266    .conststring        finsh_token.o
    0x08017d56   0x08017d56   0x00000002   PAD
    0x08017d58   0x08017d58   0x00000047   Data   RO         6340    .conststring        fdb.o
    0x08017d9f   0x08017d9f   0x00000001   PAD
    0x08017da0   0x08017da0   0x00000178   Data   RO         6444    .conststring        fdb_kvdb.o
    0x08017f18   0x08017f18   0x0000008b   Data   RO         7092    .conststring        ipc.o
    0x08017fa3   0x08017fa3   0x00000001   PAD
    0x08017fa4   0x08017fa4   0x000000eb   Data   RO         7433    .conststring        mem.o
    0x0801808f   0x0801808f   0x00000001   PAD
    0x08018090   0x08018090   0x00000042   Data   RO         7666    .conststring        thread.o
    0x080180d2   0x080180d2   0x00000002   PAD
    0x080180d4   0x080180d4   0x00000004   Data   RO         6880    .rti_fn.0           components.o
    0x080180d8   0x080180d8   0x00000004   Data   RO         6881    .rti_fn.0.end       components.o
    0x080180dc   0x080180dc   0x00000004   Data   RO         4849    .rti_fn.1           drv_qspi.o
    0x080180e0   0x080180e0   0x00000004   Data   RO         6882    .rti_fn.1.end       components.o
    0x080180e4   0x080180e4   0x00000004   Data   RO         4648    .rti_fn.4           drv_qspi_flash.o
    0x080180e8   0x080180e8   0x00000004   Data   RO         7893    .rti_fn.4           libc.o
    0x080180ec   0x080180ec   0x00000004   Data   RO         5313    .rti_fn.6           shell.o
    0x080180f0   0x080180f0   0x00000004   Data   RO         6883    .rti_fn.6.end       components.o
    0x080180f4   0x080180f4   0x00000264   Data   RO         5121    FalPartTable        fal_partition.o
    0x08018358   0x08018358   0x00000020   Data   RO        10845    Region$$Table       anon$$obj.o
    0x08018378   0x08018378   0x00000110   Data   RO        10699    locale$$data        c_w.l(lc_ctype_c.o)


    Execution Region RW_IRAM1 (Exec base: 0x20000000, Load base: 0x08018488, Size: 0x00001690, Max: 0x00018000, ABSOLUTE, COMPRESSED[0x000000ec])

    Exec Addr    Load Addr    Size         Type   Attr      Idx    E Section Name        Object

    0x20000000   COMPRESSED   0x00000008   Data   RW         3139    .data               lzma_uncompress.o
    0x20000008   COMPRESSED   0x00000034   Data   RW         3200    .data               ota_info.o
    0x2000003c   COMPRESSED   0x00000010   Data   RW         3442    .data               cpuport.o
    0x2000004c   COMPRESSED   0x00000004   Data   RW         3514    .data               serial.o
    0x20000050   COMPRESSED   0x00000014   Data   RW         4720    .data               drv_usart.o
    0x20000064   COMPRESSED   0x00000038   Data   RW         4908    .data               drv_flash_l4.o
    0x2000009c   COMPRESSED   0x00000001   Data   RW         5041    .data               fal.o
    0x2000009d   COMPRESSED   0x00000001   Data   RW         5079    .data               fal_flash.o
    0x2000009e   COMPRESSED   0x00000002   PAD
    0x200000a0   COMPRESSED   0x0000000c   Data   RW         5120    .data               fal_partition.o
    0x200000ac   COMPRESSED   0x00000008   Data   RW         5312    .data               shell.o
    0x200000b4   COMPRESSED   0x00000048   Data   RW         5509    .data               symbol.o
    0x200000fc   COMPRESSED   0x00000008   Data   RW         5528    .data               finsh_compiler.o
    0x20000104   COMPRESSED   0x00000040   Data   RW         5577    .data               finsh_error.o
    0x20000144   COMPRESSED   0x00000008   Data   RW         5615    .data               finsh_heap.o
    0x2000014c   COMPRESSED   0x00000004   Data   RW         6170    .data               finsh_var.o
    0x20000150   COMPRESSED   0x0000000c   Data   RW         6220    .data               finsh_vm.o
    0x2000015c   COMPRESSED   0x00000001   Data   RW         6341    .data               fdb.o
    0x2000015d   COMPRESSED   0x00000001   Data   RW         6445    .data               fdb_kvdb.o
    0x2000015e   COMPRESSED   0x00000002   PAD
    0x20000160   COMPRESSED   0x00000004   Data   RW         6836    .data               clock.o
    0x20000164   COMPRESSED   0x00000001   Data   RW         7201    .data               irq.o
    0x20000165   COMPRESSED   0x00000003   PAD
    0x20000168   COMPRESSED   0x0000000c   Data   RW         7258    .data               kservice.o
    0x20000174   COMPRESSED   0x00000018   Data   RW         7434    .data               mem.o
    0x2000018c   COMPRESSED   0x00000050   Data   RW         7495    .data               object.o
    0x200001dc   COMPRESSED   0x00000018   Data   RW         7581    .data               scheduler.o
    0x200001f4   COMPRESSED   0x0000000c   Data   RW         7792    .data               timer.o
    0x20000200   COMPRESSED   0x00000004   Data   RW         8126    .data               system_stm32l4xx.o
    0x20000204   COMPRESSED   0x0000000c   Data   RW         8195    .data               stm32l4xx_hal.o
    0x20000210   COMPRESSED   0x00000020   Data   RW        10269    .data               stm32l4xx_hal_flash.o
    0x20000230   COMPRESSED   0x00000004   Data   RW        10622    .data               c_w.l(stdio_streams.o)
    0x20000234   COMPRESSED   0x00000004   Data   RW        10623    .data               c_w.l(stdio_streams.o)
    0x20000238   COMPRESSED   0x00000004   Data   RW        10624    .data               c_w.l(stdio_streams.o)
    0x2000023c        -       0x000000e8   Zero   RW         3198    .bss                ota_info.o
    0x20000324        -       0x00000185   Zero   RW         3872    .bss                sfud.o
    0x200004a9   COMPRESSED   0x00000003   PAD
    0x200004ac        -       0x000000dc   Zero   RW         4717    .bss                drv_usart.o
    0x20000588        -       0x000000b8   Zero   RW         4846    .bss                drv_qspi.o
    0x20000640        -       0x00000080   Zero   RW         5246    .bss                fal_flash_sfud_port.o
    0x200006c0        -       0x00000081   Zero   RW         5310    .bss                shell.o
    0x20000741   COMPRESSED   0x00000003   PAD
    0x20000744        -       0x00000080   Zero   RW         5614    .bss                finsh_heap.o
    0x200007c4        -       0x00000140   Zero   RW         5703    .bss                finsh_node.o
    0x20000904        -       0x000000c0   Zero   RW         6169    .bss                finsh_var.o
    0x200009c4        -       0x00000180   Zero   RW         6219    .bss                finsh_vm.o
    0x20000b44        -       0x000000d4   Zero   RW         6442    .bss                fdb_kvdb.o
    0x20000c18        -       0x00000178   Zero   RW         7034    .bss                idle.o
    0x20000d90        -       0x00000080   Zero   RW         7256    .bss                kservice.o
    0x20000e10        -       0x00000020   Zero   RW         7431    .bss                mem.o
    0x20000e30        -       0x00000100   Zero   RW         7579    .bss                scheduler.o
    0x20000f30        -       0x00000060   Zero   RW        10592    .bss                c_w.l(libspace.o)
    0x20000f90        -       0x00000054   Zero   RW        10619    .bss                c_w.l(stdio_streams.o)
    0x20000fe4        -       0x00000054   Zero   RW        10620    .bss                c_w.l(stdio_streams.o)
    0x20001038        -       0x00000054   Zero   RW        10621    .bss                c_w.l(stdio_streams.o)
    0x2000108c   COMPRESSED   0x00000004   PAD
    0x20001090        -       0x00000200   Zero   RW         4699    HEAP                startup_stm32l475xx.o
    0x20001290        -       0x00000400   Zero   RW         4698    STACK               startup_stm32l475xx.o


==============================================================================

Image component sizes


      Code (inc. data)   RO Data    RW Data    ZI Data      Debug   Object Name

         0          0          0          0          0       4724   7zarcin.o
         0          0          0          0          0       4320   7zbuf.o
         0          0          0          0          0       1152   7zdec.o
         0          0          0          0          0       1228   7zfile.o
       256         26          0          0          0        765   board.o
       130         12          0          4          0       1804   clock.o
      2560        744         68          0          0      15014   cmd.o
       512        180         57          0          0       6107   completion.o
       218         50         36          0          0       5956   components.o
       320         28          0          0          0        832   context_rvds.o
      1496        738          0         16          0       6838   cpuport.o
        52          0          0          0          0       1051   crc8.o
         0          0          0          0          0       2496   dataqueue.o
      1164        512        201          0          0       8772   device.o
       194         28          0          0          0      38999   drv_common.o
       914        260          0         56          0       5469   drv_flash_l4.o
      1644        582        256          0        184       6814   drv_qspi.o
       238         64          4          0          0       6381   drv_qspi_flash.o
      1204        244        134         20        220      38614   drv_usart.o
       292        194          9          1          0        831   fal.o
       484        220        136          1          0       2089   fal_flash.o
       168         38         56          0        128      10960   fal_flash_sfud_port.o
      2232       1118       1068         12          0       7302   fal_partition.o
       684        312         84          1          0       1714   fdb.o
      7740       1962        446          1        212      43540   fdb_kvdb.o
       848        280       1059          0          0      16408   fdb_utils.o
      6178        158          0          8          0      10706   finsh_compiler.o
        56         22        243         64          0       2879   finsh_error.o
       552         42          0          8        128       6207   finsh_heap.o
        64          6          0          0          0       2212   finsh_init.o
       392          8          0          0        320       6254   finsh_node.o
      3038        294        196          0          0      27498   finsh_ops.o
      2428         32          0          0          0      17267   finsh_parser.o
      1650         16        126          0          0      10874   finsh_token.o
       296         32          0          4        192       6986   finsh_var.o
       176         36          0         12        384       5569   finsh_vm.o
       360         80         22          0        376       5750   idle.o
      1966        560        345          0          0      14162   ipc.o
       100         18          0          1          0       2126   irq.o
      2100        252         34         12        128      14147   kservice.o
         4          0          4          0          0       1308   libc.o
         0          0          0          0          0       1152   lzma86dec.o
       142          4          0          8          0       4470   lzma_uncompress.o
      6814          4          0          0          0      21415   lzmadec.o
       428        156          0          0          0     826823   main.o
      1810        652        295         24         32       6093   mem.o
        24          0          0          0          0       1204   mem_std.o
       772        268        128         80          0      10098   object.o
       752        226         60         52        232      13851   ota_info.o
      1362          0          0          0          0       8896   ota_patch.o
       758          0          0          0          0       4849   ota_recovery.o
       988        160         79          0          0       5246   qspi_core.o
       826        138         52         24        256       6822   scheduler.o
      1980        404        295          4          0      11727   serial.o
      4294       1136        973          0        389      25854   sfud.o
      1526        386        319          0          0       6109   sfud_sfdp.o
      1964        322        139          8        129       9917   shell.o
       782        122        163          0          0       9266   spi_core.o
       624        248        129          0          0       6397   spi_dev.o
      2330        602        268          0          0      23316   spi_flash_sfud.o
        64         26        392          0       1536        972   startup_stm32l475xx.o
        54          8          0         12          0       2600   stm32l4xx_hal.o
       418         28          0          0          0      36279   stm32l4xx_hal_cortex.o
       294          0          0          0          0       2883   stm32l4xx_hal_dma.o
       516         42          0         32          0      23026   stm32l4xx_hal_flash.o
       508         30          0          0          0       3398   stm32l4xx_hal_flash_ex.o
       840         68          0          0          0       2662   stm32l4xx_hal_gpio.o
       376         40          0          0          0       3081   stm32l4xx_hal_msp.o
        20          6          0          0          0        591   stm32l4xx_hal_pwr.o
       156         18          0          0          0       1442   stm32l4xx_hal_pwr_ex.o
      1548         10          0          0          0       8173   stm32l4xx_hal_qspi.o
      2532        108          0          0          0       7628   stm32l4xx_hal_rcc.o
      1988         48          0          0          0       4132   stm32l4xx_hal_rcc_ex.o
      2200         64          0          0          0      12028   stm32l4xx_hal_uart.o
       206         14         27          0          0       7050   stubs.o
         0          0         63         72          0       4372   symbol.o
        80         12         72          4          0       1585   system_stm32l4xx.o
      2062        600        273          0          0      16393   thread.o
      1466        470         92         12          0      21034   timer.o
         0          0          0          0          0       2540   waitqueue.o

    ----------------------------------------------------------------------
     86332      15568       8470        560       4852    1539499   Object Totals
         0          0         32          0          0          0   (incl. Generated)
       118          0         35          7          6          0   (incl. Padding)

    ----------------------------------------------------------------------

      Code (inc. data)   RO Data    RW Data    ZI Data      Debug   Library Member Name

        90          0          0          0          0          0   __dczerorl2.o
         8          0          0          0          0         68   __main.o
       104          0          0          0          0         84   __printf.o
         0          0          0          0          0          0   __rtentry.o
        12          0          0          0          0          0   __rtentry2.o
         6          0          0          0          0          0   __rtentry4.o
        52          8          0          0          0          0   __scatter.o
        28          0          0          0          0          0   __scatter_zi.o
        28          0          0          0          0         68   _chval.o
        48          6          0          0          0         96   _printf_char_common.o
        36          4          0          0          0         80   _printf_char_file.o
         6          0          0          0          0          0   _printf_d.o
       120         16          0          0          0         92   _printf_dec.o
       178          0          0          0          0         88   _printf_intcommon.o
         0          0          0          0          0          0   _printf_percent.o
         4          0          0          0          0          0   _printf_percent_end.o
       164          0          0          0          0         92   _strtoul.o
        16          0          0          0          0         68   aeabi_memset.o
        26          0          0          0          0         80   atoi.o
        10          0          0          0          0         68   defsig_exit.o
        50          0          0          0          0         88   defsig_general.o
        52         38          0          0          0         76   defsig_rtred_inner.o
        14          0          0          0          0         80   defsig_rtred_outer.o
        18          0          0          0          0         80   exit.o
        76          0          0          0          0         88   fclose.o
         8          0          0          0          0         68   ferror.o
       470          0          0          0          0         88   flsbuf.o
       236          4          0          0          0        128   fopen.o
        26          0          0          0          0         68   fputc.o
       248          6          0          0          0         84   fseek.o
        66          0          0          0          0         76   ftell.o
         6          0          0          0          0        152   heapauxi.o
         4          0          0          0          0        136   hguard.o
       312         46          0          0          0        112   initio.o
        44         10        272          0          0         76   lc_ctype_c.o
         2          0          0          0          0          0   libinit.o
        28          0          0          0          0          0   libinit2.o
         2          0          0          0          0          0   libshutdown.o
         6          0          0          0          0          0   libshutdown2.o
         8          4          0          0         96         68   libspace.o
        38          0          0          0          0         68   llshl.o
       238          0          0          0          0        100   lludivv7m.o
        24          4          0          0          0         84   noretval__2printf.o
        16          4          0          0          0         76   rt_ctype_table.o
         8          4          0          0          0         68   rt_errno_addr_intlibspace.o
         8          4          0          0          0         68   rt_locale_intlibspace.o
        68          0          0          0          0         68   rt_memclr.o
        78          0          0          0          0         80   rt_memclr_w.o
       138          0          0          0          0         68   rt_memcpy_v6.o
       100          0          0          0          0         80   rt_memcpy_w.o
         2          0          0          0          0          0   rtexit.o
        10          0          0          0          0          0   rtexit2.o
        70          0          0          0          0         80   setvbuf.o
       240          6          0          0          0        156   stdio.o
         0          0          0         12        252          0   stdio_streams.o
        24          0          0          0          0         68   strcat.o
       128          0          0          0          0         68   strcmpv7m.o
        72          0          0          0          0         80   strcpy.o
        62          0          0          0          0         76   strlen.o
       150          0          0          0          0         80   strncmp.o
        86          0          0          0          0         76   strncpy.o
       112          0          0          0          0         88   strtol.o
        74          0          0          0          0         80   sys_stackheap_outer.o
         2          0          0          0          0         68   use_no_semi.o
        10          0          0          0          0        116   fpinit.o

    ----------------------------------------------------------------------
      4390        164        272         12        352       4148   Library Totals
        20          0          0          0          4          0   (incl. Padding)

    ----------------------------------------------------------------------

      Code (inc. data)   RO Data    RW Data    ZI Data      Debug   Library Name

      4360        164        272         12        348       4032   c_w.l
        10          0          0          0          0        116   fz_wm.l

    ----------------------------------------------------------------------
      4390        164        272         12        352       4148   Library Totals

    ----------------------------------------------------------------------

==============================================================================


      Code (inc. data)   RO Data    RW Data    ZI Data      Debug   

     90722      15732       8742        572       5204    1488007   Grand Totals
     90722      15732       8742        236       5204    1488007   ELF Image Totals (compressed)
     90722      15732       8742        236          0          0   ROM Totals

==============================================================================

    Total RO  Size (Code + RO Data)                99464 (  97.13kB)
    Total RW  Size (RW Data + ZI Data)              5776 (   5.64kB)
    Total ROM Size (Code + RO Data + RW Data)      99700 (  97.36kB)

==============================================================================

